Component: ARM Compiler 5.06 update 4 (build 422) Tool: armlink [4d35d2]

==============================================================================

Section Cross References

    main.o(i.main) refers to stm32f4xx_hal.o(i.HAL_Init) for HAL_Init
    main.o(i.main) refers to bsp_init.o(i.SystemClock_Config) for SystemClock_Config
    main.o(i.main) refers to controltask.o(i.ControlLoopTaskInit) for ControlLoopTaskInit
    main.o(i.main) refers to remote.o(i.RemoteTaskInit) for RemoteTaskInit
    main.o(i.main) refers to bsp_init.o(i.BSP_Init) for BSP_Init
    main.o(i.main) refers to test_imu.o(i.MPU6500_Init) for MPU6500_Init
    main.o(i.main) refers to freertos.o(i.MX_FREERTOS_Init) for MX_FREERTOS_Init
    main.o(i.main) refers to controltask.o(i.Control_Task) for Control_Task
    main.o(i.main) refers to driver_protocol.o(i.Protocol) for Protocol
    main.o(i.main) refers to stm32f4xx_it.o(.data) for frame_1000Hz
    main.o(i.main) refers to main.o(.data) for frame_1000count
    stm32f4xx_it.o(i.CAN1_RX0_IRQHandler) refers to stm32f4xx_hal_can.o(i.HAL_CAN_IRQHandler) for HAL_CAN_IRQHandler
    stm32f4xx_it.o(i.CAN1_RX0_IRQHandler) refers to can.o(.bss) for hcan1
    stm32f4xx_it.o(i.CAN1_TX_IRQHandler) refers to stm32f4xx_hal_can.o(i.HAL_CAN_IRQHandler) for HAL_CAN_IRQHandler
    stm32f4xx_it.o(i.CAN1_TX_IRQHandler) refers to can.o(.bss) for hcan1
    stm32f4xx_it.o(i.CAN1_TX_IRQHandler) refers to supervisetask.o(.data) for CAN_Send1_FrameCounter
    stm32f4xx_it.o(i.CAN2_RX0_IRQHandler) refers to stm32f4xx_hal_can.o(i.HAL_CAN_IRQHandler) for HAL_CAN_IRQHandler
    stm32f4xx_it.o(i.CAN2_RX0_IRQHandler) refers to can.o(.bss) for hcan2
    stm32f4xx_it.o(i.CAN2_TX_IRQHandler) refers to stm32f4xx_hal_can.o(i.HAL_CAN_IRQHandler) for HAL_CAN_IRQHandler
    stm32f4xx_it.o(i.CAN2_TX_IRQHandler) refers to supervisetask.o(.data) for CAN_Send2_FrameCounter
    stm32f4xx_it.o(i.CAN2_TX_IRQHandler) refers to can.o(.bss) for hcan2
    stm32f4xx_it.o(i.DMA1_Stream4_IRQHandler) refers to stm32f4xx_hal_dma.o(i.HAL_DMA_IRQHandler) for HAL_DMA_IRQHandler
    stm32f4xx_it.o(i.DMA1_Stream4_IRQHandler) refers to dma.o(.bss) for hdma_usart3_rx
    stm32f4xx_it.o(i.DMA1_Stream5_IRQHandler) refers to stm32f4xx_hal_dma.o(i.HAL_DMA_IRQHandler) for HAL_DMA_IRQHandler
    stm32f4xx_it.o(i.DMA1_Stream5_IRQHandler) refers to dma.o(.bss) for hdma_usart2_rx
    stm32f4xx_it.o(i.DMA1_Stream6_IRQHandler) refers to stm32f4xx_hal_dma.o(i.HAL_DMA_IRQHandler) for HAL_DMA_IRQHandler
    stm32f4xx_it.o(i.DMA1_Stream6_IRQHandler) refers to stm32f4xx_it.o(.data) for U2_tx
    stm32f4xx_it.o(i.DMA1_Stream6_IRQHandler) refers to dma.o(.bss) for hdma_usart2_tx
    stm32f4xx_it.o(i.DMA2_Stream1_IRQHandler) refers to stm32f4xx_hal_dma.o(i.HAL_DMA_IRQHandler) for HAL_DMA_IRQHandler
    stm32f4xx_it.o(i.DMA2_Stream1_IRQHandler) refers to dma.o(.bss) for hdma_usart6_rx
    stm32f4xx_it.o(i.DMA2_Stream2_IRQHandler) refers to stm32f4xx_hal_dma.o(i.HAL_DMA_IRQHandler) for HAL_DMA_IRQHandler
    stm32f4xx_it.o(i.DMA2_Stream2_IRQHandler) refers to dma.o(.bss) for hdma_usart1_rx
    stm32f4xx_it.o(i.HAL_CAN_RxCpltCallback) refers to canbustask.o(i.CanReceiveMsgProcess) for CanReceiveMsgProcess
    stm32f4xx_it.o(i.HAL_CAN_RxCpltCallback) refers to stm32f4xx_hal_can.o(i.HAL_CAN_Receive_IT) for HAL_CAN_Receive_IT
    stm32f4xx_it.o(i.HAL_CAN_RxCpltCallback) refers to canbustask.o(i.CanReceiveMsgProcess_2) for CanReceiveMsgProcess_2
    stm32f4xx_it.o(i.HAL_CAN_RxCpltCallback) refers to can.o(.bss) for hcan1
    stm32f4xx_it.o(i.HAL_CAN_RxCpltCallback) refers to stm32f4xx_it.o(.data) for can1_res
    stm32f4xx_it.o(i.HAL_CAN_RxCpltCallback) refers to supervisetask.o(.data) for CAN_Res_FrameCounter
    stm32f4xx_it.o(i.HAL_TIM_PeriodElapsedCallback) refers to tim.o(.bss) for htim6
    stm32f4xx_it.o(i.HAL_TIM_PeriodElapsedCallback) refers to stm32f4xx_it.o(.data) for FrameCounter
    stm32f4xx_it.o(i.SysTick_Handler) refers to stm32f4xx_hal.o(i.HAL_IncTick) for HAL_IncTick
    stm32f4xx_it.o(i.SysTick_Handler) refers to cmsis_os.o(i.osSystickHandler) for osSystickHandler
    stm32f4xx_it.o(i.TIM6_DAC_IRQHandler) refers to stm32f4xx_hal_tim.o(i.HAL_TIM_IRQHandler) for HAL_TIM_IRQHandler
    stm32f4xx_it.o(i.TIM6_DAC_IRQHandler) refers to tim.o(.bss) for htim6
    stm32f4xx_it.o(i.USART1_IRQHandler) refers to stm32f4xx_hal_uart.o(i.HAL_UART_AbortReceive) for HAL_UART_AbortReceive
    stm32f4xx_it.o(i.USART1_IRQHandler) refers to remote.o(i.RemoteDataPrcess) for RemoteDataPrcess
    stm32f4xx_it.o(i.USART1_IRQHandler) refers to stm32f4xx_hal_uart.o(i.HAL_UART_Receive_DMA) for HAL_UART_Receive_DMA
    stm32f4xx_it.o(i.USART1_IRQHandler) refers to stm32f4xx_it.o(.data) for IT_Uart1
    stm32f4xx_it.o(i.USART1_IRQHandler) refers to usart.o(.bss) for huart1
    stm32f4xx_it.o(i.USART1_IRQHandler) refers to dma.o(.bss) for hdma_usart1_rx
    stm32f4xx_it.o(i.USART1_IRQHandler) refers to stm32f4xx_it.o(.bss) for UART1_RXBUFF
[...]
    GetGimbal_MoveMode                       0x08002345   Thumb Code     6  statusmachine.o(i.GetGimbal_MoveMode)
    GetInputMode                             0x08002351   Thumb Code     6  statusmachine.o(i.GetInputMode)
    GetPitchYawGxGyGz                        0x0800235d   Thumb Code   260  imu.o(i.GetPitchYawGxGyGz)
    GetRemoteSwitchAction                    0x08002499   Thumb Code   120  remote.o(i.GetRemoteSwitchAction)
    GetShootState                            0x08002515   Thumb Code     6  statusmachine.o(i.GetShootState)
    GetWorkState                             0x08002521   Thumb Code     6  statusmachine.o(i.GetWorkState)
    Get_AttackMode                           0x0800252d   Thumb Code     6  statusmachine.o(i.Get_AttackMode)
    Get_Time_Micros                          0x08002539   Thumb Code     8  tim.o(i.Get_Time_Micros)
    GimbalCaliProcess                        0x08002541   Thumb Code   110  iotask.o(i.GimbalCaliProcess)
    GimbalGetRef                             0x080025cd   Thumb Code   262  driver_gimbal.o(i.GimbalGetRef)
    GimbalModeSelect                         0x080026e9   Thumb Code    90  statusmachine.o(i.GimbalModeSelect)
    Gimbal_PitchAngleSet                     0x08002751   Thumb Code    24  driver_gimbal.o(i.Gimbal_PitchAngleSet)
    Gimbal_YawAngleSet                       0x08002771   Thumb Code    56  driver_gimbal.o(i.Gimbal_YawAngleSet)
    GyroCaliProcess                          0x080027b5   Thumb Code   166  iotask.o(i.GyroCaliProcess)
    HAL_CAN_ConfigFilter                     0x0800287d   Thumb Code   260  stm32f4xx_hal_can.o(i.HAL_CAN_ConfigFilter)
    HAL_CAN_ErrorCallback                    0x08002985   Thumb Code     2  stm32f4xx_hal_can.o(i.HAL_CAN_ErrorCallback)
    HAL_CAN_IRQHandler                       0x08002989   Thumb Code   594  stm32f4xx_hal_can.o(i.HAL_CAN_IRQHandler)
    HAL_CAN_Init                             0x08002bed   Thumb Code   444  stm32f4xx_hal_can.o(i.HAL_CAN_Init)
    HAL_CAN_MspInit                          0x08002da9   Thumb Code   180  can.o(i.HAL_CAN_MspInit)
    HAL_CAN_Receive_IT                       0x08002e71   Thumb Code   252  stm32f4xx_hal_can.o(i.HAL_CAN_Receive_IT)
    HAL_CAN_RxCpltCallback                   0x08002f6d   Thumb Code    72  stm32f4xx_it.o(i.HAL_CAN_RxCpltCallback)
    HAL_CAN_Transmit_IT                      0x08002fc5   Thumb Code   502  stm32f4xx_hal_can.o(i.HAL_CAN_Transmit_IT)
    HAL_CAN_TxCpltCallback                   0x080031bb   Thumb Code     2  stm32f4xx_hal_can.o(i.HAL_CAN_TxCpltCallback)
    HAL_DMA_Abort                            0x080031bd   Thumb Code   170  stm32f4xx_hal_dma.o(i.HAL_DMA_Abort)
    HAL_DMA_IRQHandler                       0x08003269   Thumb Code   574  stm32f4xx_hal_dma.o(i.HAL_DMA_IRQHandler)
    HAL_DMA_Init                             0x080034b1   Thumb Code   232  stm32f4xx_hal_dma.o(i.HAL_DMA_Init)
    HAL_DMA_Start_IT                         0x0800359d   Thumb Code   158  stm32f4xx_hal_dma.o(i.HAL_DMA_Start_IT)
    HAL_Delay                                0x0800363b   Thumb Code    30  stm32f4xx_hal.o(i.HAL_Delay)
    HAL_FLASH_Lock                           0x08003659   Thumb Code    16  stm32f4xx_hal_flash.o(i.HAL_FLASH_Lock)
    HAL_FLASH_Program                        0x0800366d   Thumb Code   142  stm32f4xx_hal_flash.o(i.HAL_FLASH_Program)
    HAL_FLASH_Unlock                         0x08003705   Thumb Code    32  stm32f4xx_hal_flash.o(i.HAL_FLASH_Unlock)
    HAL_GPIO_Init                            0x08003731   Thumb Code   486  stm32f4xx_hal_gpio.o(i.HAL_GPIO_Init)
    HAL_GPIO_ReadPin                         0x0800394d   Thumb Code    16  stm32f4xx_hal_gpio.o(i.HAL_GPIO_ReadPin)
    HAL_GPIO_TogglePin                       0x0800395d   Thumb Code     8  stm32f4xx_hal_gpio.o(i.HAL_GPIO_TogglePin)
    HAL_GPIO_WritePin                        0x08003965   Thumb Code    12  stm32f4xx_hal_gpio.o(i.HAL_GPIO_WritePin)
    HAL_GetTick                              0x08003971   Thumb Code     6  stm32f4xx_hal.o(i.HAL_GetTick)
    HAL_IncTick                              0x0800397d   Thumb Code    12  stm32f4xx_hal.o(i.HAL_IncTick)
    HAL_Init                                 0x0800398d   Thumb Code    54  stm32f4xx_hal.o(i.HAL_Init)
    HAL_InitTick                             0x080039c9   Thumb Code    36  stm32f4xx_hal.o(i.HAL_InitTick)
    HAL_MspInit                              0x080039f1   Thumb Code    86  stm32f4xx_hal_msp.o(i.HAL_MspInit)
    HAL_NVIC_EnableIRQ                       0x08003a47   Thumb Code    26  stm32f4xx_hal_cortex.o(i.HAL_NVIC_EnableIRQ)
    HAL_NVIC_SetPriority                     0x08003a61   Thumb Code   124  stm32f4xx_hal_cortex.o(i.HAL_NVIC_SetPriority)
    HAL_NVIC_SetPriorityGrouping             0x08003add   Thumb Code    32  stm32f4xx_hal_cortex.o(i.HAL_NVIC_SetPriorityGrouping)
    HAL_RCC_ClockConfig                      0x08003b05   Thumb Code   446  stm32f4xx_hal_rcc.o(i.HAL_RCC_ClockConfig)
    HAL_RCC_GetHCLKFreq                      0x08003cd5   Thumb Code     6  stm32f4xx_hal_rcc.o(i.HAL_RCC_GetHCLKFreq)
    HAL_RCC_GetPCLK1Freq                     0x08003ce1   Thumb Code    36  stm32f4xx_hal_rcc.o(i.HAL_RCC_GetPCLK1Freq)
    HAL_RCC_GetPCLK2Freq                     0x08003d0d   Thumb Code    36  stm32f4xx_hal_rcc.o(i.HAL_RCC_GetPCLK2Freq)
    HAL_RCC_GetSysClockFreq                  0x08003d39   Thumb Code   168  stm32f4xx_hal_rcc.o(i.HAL_RCC_GetSysClockFreq)
    HAL_RCC_OscConfig                        0x08003ded   Thumb Code  1090  stm32f4xx_hal_rcc.o(i.HAL_RCC_OscConfig)
    HAL_SPI_Init                             0x08004239   Thumb Code   160  stm32f4xx_hal_spi.o(i.HAL_SPI_Init)
    HAL_SPI_MspInit                          0x080042d9   Thumb Code    80  spi.o(i.HAL_SPI_MspInit)
    HAL_SPI_TransmitReceive                  0x08004335   Thumb Code   716  stm32f4xx_hal_spi.o(i.HAL_SPI_TransmitReceive)
    HAL_SYSTICK_CLKSourceConfig              0x08004601   Thumb Code    40  stm32f4xx_hal_cortex.o(i.HAL_SYSTICK_CLKSourceConfig)
    HAL_SYSTICK_Config                       0x08004629   Thumb Code    52  stm32f4xx_hal_cortex.o(i.HAL_SYSTICK_Config)
    HAL_TIMEx_BreakCallback                  0x0800465d   Thumb Code     2  stm32f4xx_hal_tim_ex.o(i.HAL_TIMEx_BreakCallback)
    HAL_TIMEx_CommutationCallback            0x0800465f   Thumb Code     2  stm32f4xx_hal_tim_ex.o(i.HAL_TIMEx_CommutationCallback)
    HAL_TIMEx_MasterConfigSynchronization    0x08004661   Thumb Code    98  stm32f4xx_hal_tim_ex.o(i.HAL_TIMEx_MasterConfigSynchronization)
    HAL_TIM_Base_Init                        0x080046c3   Thumb Code    52  stm32f4xx_hal_tim.o(i.HAL_TIM_Base_Init)
    HAL_TIM_Base_MspInit                     0x080046f9   Thumb Code   118  tim.o(i.HAL_TIM_Base_MspInit)
    HAL_TIM_Base_Start                       0x0800477d   Thumb Code    30  stm32f4xx_hal_tim.o(i.HAL_TIM_Base_Start)
    HAL_TIM_Base_Start_IT                    0x0800479b   Thumb Code    30  stm32f4xx_hal_tim.o(i.HAL_TIM_Base_Start_IT)
    HAL_TIM_IC_CaptureCallback               0x080047b9   Thumb Code     2  stm32f4xx_hal_tim.o(i.HAL_TIM_IC_CaptureCallback)
    HAL_TIM_IRQHandler                       0x080047bb   Thumb Code   406  stm32f4xx_hal_tim.o(i.HAL_TIM_IRQHandler)
    HAL_TIM_MspPostInit                      0x08004951   Thumb Code   184  tim.o(i.HAL_TIM_MspPostInit)
    HAL_TIM_OC_DelayElapsedCallback          0x08004a29   Thumb Code     2  stm32f4xx_hal_tim.o(i.HAL_TIM_OC_DelayElapsedCallback)
    HAL_TIM_PWM_ConfigChannel                0x08004a2b   Thumb Code   264  stm32f4xx_hal_tim.o(i.HAL_TIM_PWM_ConfigChannel)
    HAL_TIM_PWM_Init                         0x08004b33   Thumb Code    52  stm32f4xx_hal_tim.o(i.HAL_TIM_PWM_Init)
    HAL_TIM_PWM_MspInit                      0x08004b69   Thumb Code   176  tim.o(i.HAL_TIM_PWM_MspInit)
    HAL_TIM_PWM_PulseFinishedCallback        0x08004c2d   Thumb Code     2  stm32f4xx_hal_tim.o(i.HAL_TIM_PWM_PulseFinishedCallback)
    HAL_TIM_PWM_Start                        0x08004c31   Thumb Code    68  stm32f4xx_hal_tim.o(i.HAL_TIM_PWM_Start)
    HAL_TIM_PeriodElapsedCallback            0x08004c7d   Thumb Code   100  stm32f4xx_it.o(i.HAL_TIM_PeriodElapsedCallback)
    HAL_TIM_TriggerCallback                  0x08004cf9   Thumb Code     2  stm32f4xx_hal_tim.o(i.HAL_TIM_TriggerCallback)
    HAL_UART_AbortReceive                    0x08004cfb   Thumb Code    80  stm32f4xx_hal_uart.o(i.HAL_UART_AbortReceive)
    HAL_UART_ErrorCallback                   0x08004d4b   Thumb Code     2  stm32f4xx_hal_uart.o(i.HAL_UART_ErrorCallback)
    HAL_UART_Init                            0x08004d4d   Thumb Code   114  stm32f4xx_hal_uart.o(i.HAL_UART_Init)
    HAL_UART_MspInit                         0x08004dc1   Thumb Code   720  usart.o(i.HAL_UART_MspInit)
    HAL_UART_Receive_DMA                     0x080050e1   Thumb Code   158  stm32f4xx_hal_uart.o(i.HAL_UART_Receive_DMA)
    HAL_UART_RxCpltCallback                  0x0800518d   Thumb Code     2  stm32f4xx_hal_uart.o(i.HAL_UART_RxCpltCallback)
    HAL_UART_RxHalfCpltCallback              0x0800518f   Thumb Code     2  stm32f4xx_hal_uart.o(i.HAL_UART_RxHalfCpltCallback)
    HAL_UART_Transmit                        0x08005191   Thumb Code   214  stm32f4xx_hal_uart.o(i.HAL_UART_Transmit)
    HAL_UART_Transmit_DMA                    0x08005269   Thumb Code   142  stm32f4xx_hal_uart.o(i.HAL_UART_Transmit_DMA)
    HAL_UART_TxCpltCallback                  0x08005305   Thumb Code     2  stm32f4xx_hal_uart.o(i.HAL_UART_TxCpltCallback)
    HAL_UART_TxHalfCpltCallback              0x08005307   Thumb Code     2  stm32f4xx_hal_uart.o(i.HAL_UART_TxHalfCpltCallback)
    HardFault_Handler                        0x08005309   Thumb Code     4  stm32f4xx_it.o(i.HardFault_Handler)
    IMU_AHRSupdate                           0x0800530d   Thumb Code  1928  imu.o(i.IMU_AHRSupdate)
    IMU_Get_Data                             0x08005ad9   Thumb Code   164  test_imu.o(i.IMU_Get_Data)
    IMU_Task                                 0x08005b8d   Thumb Code    14  imu.o(i.IMU_Task)
    IMU_getQ                                 0x08005ba1   Thumb Code    56  imu.o(i.IMU_getQ)
    IMU_getValues                            0x08005bed   Thumb Code   138  imu.o(i.IMU_getValues)
    IMU_getYawPitchRoll                      0x08005c81   Thumb Code   552  imu.o(i.IMU_getYawPitchRoll)
    IMU_task                                 0x08005ebd   Thumb Code   410  imu_out.o(i.IMU_task)
    InputMode_Select                         0x08006089   Thumb Code    64  statusmachine.o(i.InputMode_Select)
    IsCaliCmdFlagSet                         0x080060d5   Thumb Code    18  iotask.o(i.IsCaliCmdFlagSet)
    Key2Speed                                0x080060ed   Thumb Code   232  driver_chassis.o(i.Key2Speed)
    LASER_Task                               0x080061e1   Thumb Code   104  driver_frimotor.o(i.LASER_Task)
    MPU6050_AverageFilter                    0x08006255   Thumb Code   494  test_imu.o(i.MPU6050_AverageFilter)
    MPU6050_getMotion6                       0x08006449   Thumb Code   112  test_imu.o(i.MPU6050_getMotion6)
    MPU6500_Init                             0x080064c1   Thumb Code    96  test_imu.o(i.MPU6500_Init)
    MPU6500_Read_Reg                         0x0800652d   Thumb Code    68  test_imu.o(i.MPU6500_Read_Reg)
    MPU6500_Read_Regs                        0x08006581   Thumb Code    80  test_imu.o(i.MPU6500_Read_Regs)
    MPU6500_Write_Reg                        0x080065e5   Thumb Code    72  test_imu.o(i.MPU6500_Write_Reg)
    MX_CAN1_Init                             0x0800663d   Thumb Code   136  can.o(i.MX_CAN1_Init)
    MX_CAN2_Init                             0x080066e5   Thumb Code   146  can.o(i.MX_CAN2_Init)
    MX_DMA_Init                              0x08006799   Thumb Code    66  dma.o(i.MX_DMA_Init)
    MX_FREERTOS_Init                         0x080067e1   Thumb Code    30  freertos.o(i.MX_FREERTOS_Init)
    MX_GPIO_Init                             0x08006809   Thumb Code   506  gpio.o(i.MX_GPIO_Init)
    MX_SPI5_Init                             0x08006a1d   Thumb Code    66  spi.o(i.MX_SPI5_Init)
    MX_TIM12_Init                            0x08006a79   Thumb Code   118  tim.o(i.MX_TIM12_Init)
    MX_TIM2_Init                             0x08006b09   Thumb Code    50  tim.o(i.MX_TIM2_Init)
    MX_TIM5_Init                             0x08006b51   Thumb Code   146  tim.o(i.MX_TIM5_Init)
    MX_TIM6_Init                             0x08006bfd   Thumb Code    70  tim.o(i.MX_TIM6_Init)
    MX_USART1_UART_Init                      0x08006c5d   Thumb Code    78  usart.o(i.MX_USART1_UART_Init)
    MX_USART2_UART_Init                      0x08006ccd   Thumb Code    76  usart.o(i.MX_USART2_UART_Init)
    MX_USART6_UART_Init                      0x08006d35   Thumb Code    76  usart.o(i.MX_USART6_UART_Init)
    Mainifold_Res_Task                       0x08006d9d   Thumb Code   168  driver_minifold.o(i.Mainifold_Res_Task)
    MemManage_Handler                        0x08006e59   Thumb Code     4  stm32f4xx_it.o(i.MemManage_Handler)
    NMI_Handler                              0x08006e5d   Thumb Code     2  stm32f4xx_it.o(i.NMI_Handler)
    PIDCaliProcess                           0x08006e99   Thumb Code    24  iotask.o(i.PIDCaliProcess)
    PID_Calc                                 0x08006eb5   Thumb Code   246  pid.o(i.PID_Calc)
    PID_Reset                                0x0800722d   Thumb Code    34  pid.o(i.PID_Reset)
    PID_Task                                 0x08007255   Thumb Code    40  pid.o(i.PID_Task)
    Pass_Check                               0x0800727d   Thumb Code    58  driver_frimotor.o(i.Pass_Check)
    Protocol                                 0x080072c5   Thumb Code   132  driver_protocol.o(i.Protocol)
    Protocol_SendFrame                       0x08007361   Thumb Code    94  driver_protocol.o(i.Protocol_SendFrame)
    RampCalc                                 0x080073c5   Thumb Code    42  ramp.o(i.RampCalc)
    RampInit                                 0x080073ef   Thumb Code     2  ramp.o(i.RampInit)
    RampIsOverflow                           0x080073f1   Thumb Code    18  ramp.o(i.RampIsOverflow)
    RampResetCounter                         0x08007403   Thumb Code     6  ramp.o(i.RampResetCounter)
    RampSetCounter                           0x08007409   Thumb Code     4  ramp.o(i.RampSetCounter)
    RampSetScale                             0x0800740d   Thumb Code     4  ramp.o(i.RampSetScale)
    RemoteDataPrcess                         0x08007591   Thumb Code   216  remote.o(i.RemoteDataPrcess)
    RemoteTaskInit                           0x08007671   Thumb Code    66  remote.o(i.RemoteTaskInit)
    Remote_CheckJumpKey                      0x080076c9   Thumb Code    18  remote.o(i.Remote_CheckJumpKey)
    ResetCaliCmdFlag                         0x080076e1   Thumb Code    12  iotask.o(i.ResetCaliCmdFlag)
    Send_CM_PID                              0x080077c5   Thumb Code   198  driver_protocol.o(i.Send_CM_PID)
    Send_Check                               0x08007899   Thumb Code    66  driver_protocol.o(i.Send_Check)
    Send_FrameRate                           0x080078e1   Thumb Code   186  driver_protocol.o(i.Send_FrameRate)
    Send_GMP_PID                             0x080079b9   Thumb Code   198  driver_protocol.o(i.Send_GMP_PID)
    Send_GMY_PID                             0x08007a8d   Thumb Code   198  driver_protocol.o(i.Send_GMY_PID)
    Send_Judge                               0x08007b61   Thumb Code     2  driver_protocol.o(i.Send_Judge)
    Send_Moto_Rmp                            0x08007b65   Thumb Code   184  driver_protocol.o(i.Send_Moto_Rmp)
    Send_RC_Data                             0x08007c41   Thumb Code   146  driver_protocol.o(i.Send_RC_Data)
    Send_R_F_PID                             0x08007cd9   Thumb Code   214  driver_protocol.o(i.Send_R_F_PID)
    Send_Ref_Fdb                             0x08007dc1   Thumb Code   568  driver_protocol.o(i.Send_Ref_Fdb)
    Send_Sensor                              0x08008035   Thumb Code   142  driver_protocol.o(i.Send_Sensor)
    Send_Shoot_PID                           0x080080cd   Thumb Code   170  driver_protocol.o(i.Send_Shoot_PID)
    Send_Status                              0x0800817d   Thumb Code   186  driver_protocol.o(i.Send_Status)
    Send_StatusMachine                       0x08008251   Thumb Code   122  driver_protocol.o(i.Send_StatusMachine)
    Sensor_Offset_Param_Init                 0x080082cd   Thumb Code    36  iotask.o(i.Sensor_Offset_Param_Init)
    SetCaliCmdFlag                           0x080082fd   Thumb Code    12  iotask.o(i.SetCaliCmdFlag)
    SetFrictionState                         0x0800830d   Thumb Code    32  statusmachine.o(i.SetFrictionState)
    SetGimbalCaliData                        0x08008331   Thumb Code    24  iotask.o(i.SetGimbalCaliData)
    SetGimbalMotorOutput                     0x0800834d   Thumb Code   122  driver_gimbal.o(i.SetGimbalMotorOutput)
    SetGyroCaliData                          0x080083d5   Thumb Code    28  iotask.o(i.SetGyroCaliData)
    SetPIDCaliData                           0x080083f5   Thumb Code   126  iotask.o(i.SetPIDCaliData)
    SetShootState                            0x08008479   Thumb Code     6  statusmachine.o(i.SetShootState)
    SetWorkState                             0x08008485   Thumb Code     6  statusmachine.o(i.SetWorkState)
    Set_CM_Speed                             0x08008491   Thumb Code   112  canbustask.o(i.Set_CM_Speed)
    Set_Gimbal_Current                       0x08008505   Thumb Code   144  canbustask.o(i.Set_Gimbal_Current)
    ShootCounter                             0x080085a1   Thumb Code    32  driver_frimotor.o(i.ShootCounter)
    Shoot_Single                             0x080085c9   Thumb Code    70  driver_frimotor.o(i.Shoot_Single)
    Sing                                     0x0800862d   Thumb Code    42  driver_beep.o(i.Sing)
    Sing_Music                               0x08008661   Thumb Code    42  driver_beep.o(i.Sing_Music)
    StartDefaultTask                         0x08008691   Thumb Code    10  freertos.o(i.StartDefaultTask)
    StatusMachine_Init                       0x0800869d   Thumb Code    36  statusmachine.o(i.StatusMachine_Init)
    StatusMachine_Update                     0x080086dd   Thumb Code    42  statusmachine.o(i.StatusMachine_Update)
    SysTick_Handler                          0x08008711   Thumb Code    12  stm32f4xx_it.o(i.SysTick_Handler)
    SystemClock_Config                       0x0800871d   Thumb Code   198  bsp_init.o(i.SystemClock_Config)
    SystemInit                               0x08008801   Thumb Code    82  system_stm32f4xx.o(i.SystemInit)
    TIM6_DAC_IRQHandler                      0x08008865   Thumb Code    10  stm32f4xx_it.o(i.TIM6_DAC_IRQHandler)
    TIM_Base_SetConfig                       0x08008875   Thumb Code   184  stm32f4xx_hal_tim.o(i.TIM_Base_SetConfig)
    TIM_CCxChannelCmd                        0x08008959   Thumb Code    28  stm32f4xx_hal_tim.o(i.TIM_CCxChannelCmd)
    TIM_OC2_SetConfig                        0x080089e5   Thumb Code   112  stm32f4xx_hal_tim.o(i.TIM_OC2_SetConfig)
    Task_Monitor                             0x08008b35   Thumb Code   340  supervisetask.o(i.Task_Monitor)
    Turntable_Control                        0x08008ce9   Thumb Code   510  driver_frimotor.o(i.Turntable_Control)
    Turntable_Select                         0x08008f29   Thumb Code   272  statusmachine.o(i.Turntable_Select)
    USART1_IRQHandler                        0x08009551   Thumb Code   134  stm32f4xx_it.o(i.USART1_IRQHandler)
    USART2_IRQHandler                        0x080095ed   Thumb Code   138  stm32f4xx_it.o(i.USART2_IRQHandler)
    USART3_IRQHandler                        0x08009691   Thumb Code   138  stm32f4xx_it.o(i.USART3_IRQHandler)
    USART6_IRQHandler                        0x08009735   Thumb Code   134  stm32f4xx_it.o(i.USART6_IRQHandler)
    UsageFault_Handler                       0x08009931   Thumb Code     4  stm32f4xx_it.o(i.UsageFault_Handler)
    WorkstateFSM                             0x0800995d   Thumb Code   112  statusmachine.o(i.WorkstateFSM)
    _Error_Handler                           0x080099dd   Thumb Code     4  bsp_init.o(i._Error_Handler)
    __ARM_fpclassify                         0x080099e1   Thumb Code    48  fpclassify.o(i.__ARM_fpclassify)
    __hardfp_asin                            0x08009a11   Thumb Code   770  asin.o(i.__hardfp_asin)
    __hardfp_atan                            0x08009d71   Thumb Code   622  atan.o(i.__hardfp_atan)
    __hardfp_atan2                           0x0800a049   Thumb Code   432  atan2.o(i.__hardfp_atan2)
    __hardfp_cos                             0x0800a239   Thumb Code   180  cos.o(i.__hardfp_cos)
    __hardfp_fabs                            0x0800a301   Thumb Code    20  fabs.o(i.__hardfp_fabs)
    __hardfp_sin                             0x0800a319   Thumb Code   180  sin.o(i.__hardfp_sin)
    __hardfp_sqrt                            0x0800a3e1   Thumb Code   122  sqrt.o(i.__hardfp_sqrt)
    __ieee754_rem_pio2                       0x0800a461   Thumb Code   938  rred.o(i.__ieee754_rem_pio2)
    __kernel_cos                             0x0800a899   Thumb Code   322  cos_i.o(i.__kernel_cos)
    __kernel_poly                            0x0800aa09   Thumb Code   248  poly.o(i.__kernel_poly)
    __kernel_sin                             0x0800ab01   Thumb Code   280  sin_i.o(i.__kernel_sin)
    __mathlib_dbl_infnan                     0x0800ac31   Thumb Code    20  dunder.o(i.__mathlib_dbl_infnan)
    __mathlib_dbl_infnan2                    0x0800ac45   Thumb Code    20  dunder.o(i.__mathlib_dbl_infnan2)
    __mathlib_dbl_invalid                    0x0800ac59   Thumb Code    24  dunder.o(i.__mathlib_dbl_invalid)
    __mathlib_dbl_underflow                  0x0800ac79   Thumb Code    24  dunder.o(i.__mathlib_dbl_underflow)
    __scatterload_copy                       0x0800ac99   Thumb Code    14  handlers.o(i.__scatterload_copy)
    __scatterload_null                       0x0800aca7   Thumb Code     2  handlers.o(i.__scatterload_null)
    __scatterload_zeroinit                   0x0800aca9   Thumb Code    14  handlers.o(i.__scatterload_zeroinit)
    __set_errno                              0x0800acb9   Thumb Code     6  errno.o(i.__set_errno)
    atan                                     0x0800acc5   Thumb Code    16  atan.o(i.atan)
    bufferPop                                0x0800acd5   Thumb Code    50  data.o(i.bufferPop)
    bufferPush                               0x0800ad07   Thumb Code    52  data.o(i.bufferPush)
    buffer_multiPop                          0x0800ad3b   Thumb Code    40  data.o(i.buffer_multiPop)
    bufferlen                                0x0800ad63   Thumb Code    24  data.o(i.bufferlen)
    fabs                                     0x0800ad7b   Thumb Code    24  fabs.o(i.fabs)
    get_measure                              0x0800ad93   Thumb Code    42  canbustask.o(i.get_measure)
    invSqrt                                  0x0800adbd   Thumb Code    56  imu.o(i.invSqrt)
    main                                     0x0800adf9   Thumb Code   106  main.o(i.main)
    osDelay                                  0x0800ae8b   Thumb Code    24  cmsis_os.o(i.osDelay)
    osSystickHandler                         0x0800aea3   Thumb Code    16  cmsis_os.o(i.osSystickHandler)
    osThreadCreate                           0x0800aeb3   Thumb Code    48  cmsis_os.o(i.osThreadCreate)
    pvPortMalloc                             0x0800b29d   Thumb Code   296  heap_4.o(i.pvPortMalloc)
    pxPortInitialiseStack                    0x0800b3d9   Thumb Code    38  port.o(i.pxPortInitialiseStack)
    sqrt                                     0x0800b405   Thumb Code   110  sqrt.o(i.sqrt)
    uxListRemove                             0x0800b473   Thumb Code    40  list.o(i.uxListRemove)
    vListInitialise                          0x0800b49b   Thumb Code    26  list.o(i.vListInitialise)
    vListInitialiseItem                      0x0800b4b5   Thumb Code     6  list.o(i.vListInitialiseItem)
    vListInsert                              0x0800b4bb   Thumb Code    52  list.o(i.vListInsert)
    vListInsertEnd                           0x0800b4ef   Thumb Code    24  list.o(i.vListInsertEnd)
    vPortEnterCritical                       0x0800b509   Thumb Code    76  port.o(i.vPortEnterCritical)
    vPortExitCritical                        0x0800b55d   Thumb Code    56  port.o(i.vPortExitCritical)
    vPortFree                                0x0800b599   Thumb Code   140  heap_4.o(i.vPortFree)
    vTaskDelay                               0x0800b62d   Thumb Code    82  tasks.o(i.vTaskDelay)
    vTaskSuspendAll                          0x0800b689   Thumb Code    12  tasks.o(i.vTaskSuspendAll)
    vTaskSwitchContext                       0x0800b699   Thumb Code   118  tasks.o(i.vTaskSwitchContext)
    xPortSysTickHandler                      0x0800b725   Thumb Code    46  port.o(i.xPortSysTickHandler)
    xTaskCreate                              0x0800b759   Thumb Code    96  tasks.o(i.xTaskCreate)
    xTaskGetSchedulerState                   0x0800b7b9   Thumb Code    24  tasks.o(i.xTaskGetSchedulerState)
    xTaskIncrementTick                       0x0800b7d9   Thumb Code   282  tasks.o(i.xTaskIncrementTick)
    xTaskResumeAll                           0x0800b921   Thumb Code   224  tasks.o(i.xTaskResumeAll)
    tone_tab                                 0x0800ba38   Data          42  driver_beep.o(.constdata)
    No_music                                 0x0800ba62   Data           8  driver_beep.o(.constdata)
    Startup_music                            0x0800ba6a   Data          10  driver_beep.o(.constdata)
    Cali_Mode_music                          0x0800ba74   Data           9  driver_beep.o(.constdata)
    Bullet_Block_music                       0x0800ba7d   Data           5  driver_beep.o(.constdata)
    AHBPrescTable                            0x0800ba98   Data          16  system_stm32f4xx.o(.constdata)
    APBPrescTable                            0x0800baa8   Data           8  system_stm32f4xx.o(.constdata)
    __mathlib_zero                           0x0800bbd0   Data           8  qnan.o(.constdata)
    Region$$Table$$Base                      0x0800bcd4   Number         0  anon$$obj.o(Region$$Table)
    Region$$Table$$Limit                     0x0800bcf4   Number         0  anon$$obj.o(Region$$Table)
    frame_1000count                          0x20000000   Data           2  main.o(.data)
    frame_500count                           0x20000002   Data           2  main.o(.data)
    frame_100count                           0x20000004   Data           2  main.o(.data)
    speed                                    0x20000006   Data           2  main.o(.data)
    send_usart                               0x20000008   Data           2  main.o(.data)
    y_angle                                  0x2000000c   Data           4  main.o(.data)
    y_speed                                  0x20000010   Data           4  main.o(.data)
    frame_1000Hz                             0x20000014   Data           1  stm32f4xx_it.o(.data)
    frame_500Hz                              0x20000015   Data           1  stm32f4xx_it.o(.data)
    frame_100Hz                              0x20000016   Data           1  stm32f4xx_it.o(.data)
    frame_50Hz                               0x20000017   Data           1  stm32f4xx_it.o(.data)
    frame_10Hz                               0x20000018   Data           1  stm32f4xx_it.o(.data)
    FrameCounter                             0x2000001c   Data           4  stm32f4xx_it.o(.data)
    U2_tx                                    0x20000020   Data           2  stm32f4xx_it.o(.data)
    can1_res                                 0x20000022   Data           2  stm32f4xx_it.o(.data)
    IT_Uart1                                 0x20000024   Data           2  stm32f4xx_it.o(.data)
    IT_Uart2                                 0x20000026   Data           2  stm32f4xx_it.o(.data)
    IT_Uart3                                 0x20000028   Data           2  stm32f4xx_it.o(.data)
    IT_Uart6                                 0x2000002a   Data           2  stm32f4xx_it.o(.data)
    defaultTaskHandle                        0x2000002c   Data           4  freertos.o(.data)
    CM1_Measure                              0x20000030   Data           8  canbustask.o(.data)
    CM2_Measure                              0x20000038   Data           8  canbustask.o(.data)
    CM3_Measure                              0x20000040   Data           8  canbustask.o(.data)
    CM4_Measure                              0x20000048   Data           8  canbustask.o(.data)
    Turntable_Measure                        0x20000050   Data           8  canbustask.o(.data)
    Set_Gimbal_Count                         0x20000058   Data           2  canbustask.o(.data)
    DBUSFrameRate                            0x2000005c   Data           2  supervisetask.o(.data)
    DBUSFrameCounter                         0x2000005e   Data           2  supervisetask.o(.data)
    ChassisFrameRate                         0x20000060   Data           8  supervisetask.o(.data)
    ChassisFrameCounter                      0x20000068   Data           8  supervisetask.o(.data)
    PitchFrameRate                           0x20000070   Data           2  supervisetask.o(.data)
    PitchFrameCounter                        0x20000072   Data           2  supervisetask.o(.data)
    YawFrameRate                             0x20000074   Data           2  supervisetask.o(.data)
    YawFrameCounter                          0x20000076   Data           2  supervisetask.o(.data)
    TurntableFrameRate                       0x20000078   Data           2  supervisetask.o(.data)
    TurntableFrameCounter                    0x2000007a   Data           2  supervisetask.o(.data)
    IMUFrameRate                             0x2000007c   Data           2  supervisetask.o(.data)
    IMUFrameCounter                          0x2000007e   Data           2  supervisetask.o(.data)
    UART2FrameRate                           0x20000080   Data           2  supervisetask.o(.data)
    UART2FrameCounter                        0x20000082   Data           2  supervisetask.o(.data)
    CAN_Send1_FrameRate                      0x20000084   Data           2  supervisetask.o(.data)
    CAN_Send1_FrameCounter                   0x20000086   Data           2  supervisetask.o(.data)
    CAN_Send2_FrameRate                      0x20000088   Data           2  supervisetask.o(.data)
    CAN_Send2_FrameCounter                   0x2000008a   Data           2  supervisetask.o(.data)
    CAN_Res_FrameRate                        0x2000008c   Data           2  supervisetask.o(.data)
    CAN_Res_FrameCounter                     0x2000008e   Data           2  supervisetask.o(.data)
    JudgeFrameRate                           0x20000090   Data           2  supervisetask.o(.data)
    JudgeFrameCounter                        0x20000092   Data           2  supervisetask.o(.data)
    MiniPCFrameRate                          0x20000094   Data           2  supervisetask.o(.data)
    MiniPCFrameCounter                       0x20000096   Data           2  supervisetask.o(.data)
    IMU_Out_FrameRate                        0x20000098   Data           2  supervisetask.o(.data)
    IMU_Out_FrameCounter                     0x2000009a   Data           2  supervisetask.o(.data)
    time_task_ms                             0x200000a0   Data           4  controltask.o(.data)
    app_param_calied_flag                    0x200000b0   Data           1  iotask.o(.data)
    Gimbal_Cali_Success                      0x200000b1   Data           1  iotask.o(.data)
    CaliCmdFlagGrp                           0x200000b4   Data           4  iotask.o(.data)
    Key_count                                0x200000b8   Data           2  iotask.o(.data)
    CMRotatePID                              0x200000dc   Data          84  driver_chassis.o(.data)
    CM1SpeedPID                              0x20000130   Data          84  driver_chassis.o(.data)
    CM2SpeedPID                              0x20000184   Data          84  driver_chassis.o(.data)
    CM3SpeedPID                              0x200001d8   Data          84  driver_chassis.o(.data)
    CM4SpeedPID                              0x2000022c   Data          84  driver_chassis.o(.data)
    LRSpeedRamp                              0x20000280   Data          36  driver_chassis.o(.data)
    FBSpeedRamp                              0x200002a4   Data          36  driver_chassis.o(.data)
    MBSpeedRamp                              0x200002c8   Data          36  driver_chassis.o(.data)
    a                                        0x200002ec   Data           4  driver_chassis.o(.data)
    InputMode                                0x200002f0   Data           1  statusmachine.o(.data)
    WorkState                                0x200002f1   Data           1  statusmachine.o(.data)
    lastWorkstate                            0x200002f2   Data           1  statusmachine.o(.data)
    AttackMode                               0x200002f3   Data           1  statusmachine.o(.data)
    GM_CM_Mode                               0x200002f4   Data           1  statusmachine.o(.data)
    Gimbal_MoveMode                          0x200002f5   Data           1  statusmachine.o(.data)
    Chassis_MoveMode                         0x200002f6   Data           1  statusmachine.o(.data)
    ShootState                               0x200002f7   Data           1  statusmachine.o(.data)
    friction_wheel_state                     0x200002f8   Data           1  statusmachine.o(.data)
    wait_time                                0x200002fa   Data           2  statusmachine.o(.data)
    GMPitchRamp                              0x20000308   Data          36  driver_gimbal.o(.data)
    GMYawRamp                                0x2000032c   Data          36  driver_gimbal.o(.data)
    GMPPositionPID                           0x20000350   Data          84  driver_gimbal.o(.data)
    GMPSpeedPID                              0x200003a4   Data          84  driver_gimbal.o(.data)
    GMYPositionPID                           0x200003f8   Data          84  driver_gimbal.o(.data)
    GMYSpeedPID                              0x2000044c   Data          84  driver_gimbal.o(.data)
    GimbalRef                                0x200004a0   Data           8  driver_gimbal.o(.data)
    pitch_set                                0x200004a8   Data           4  driver_gimbal.o(.data)
    yaw_set                                  0x200004ac   Data           4  driver_gimbal.o(.data)
    pp_pitch                                 0x200004b0   Data           4  driver_gimbal.o(.data)
    pi_pitch                                 0x200004b4   Data           4  driver_gimbal.o(.data)
    pd_pitch                                 0x200004b8   Data           4  driver_gimbal.o(.data)
    sp_pitch                                 0x200004bc   Data           4  driver_gimbal.o(.data)
    si_pitch                                 0x200004c0   Data           4  driver_gimbal.o(.data)
    sd_pitch                                 0x200004c4   Data           4  driver_gimbal.o(.data)
    test_yangle                              0x200004c8   Data           2  driver_gimbal.o(.data)
    limit_flag                               0x200004ca   Data           1  driver_gimbal.o(.data)
    limit_counter                            0x200004cb   Data           1  driver_gimbal.o(.data)
    limitoffset                              0x200004cc   Data           4  driver_gimbal.o(.data)
    open_time                                0x200004d0   Data           4  driver_gimbal.o(.data)
    test1                                    0x200004d4   Data           2  driver_gimbal.o(.data)
    RC_Update_Flag                           0x200004f0   Data           1  remote.o(.data)
    get_RC                                   0x200004f1   Data           1  remote.o(.data)
    ShootMotorSpeedPID                       0x200004f8   Data          84  driver_frimotor.o(.data)
    ShootMotorPositionPID                    0x2000054c   Data          84  driver_frimotor.o(.data)
    Turntable_ref                            0x200005a0   Data           8  driver_frimotor.o(.data)
    BulletNumber                             0x200005ac   Data           1  driver_frimotor.o(.data)
    Block_TimeStamp                          0x200005b0   Data           4  driver_frimotor.o(.data)
    BulletBlock_State                        0x200005b4   Data           1  driver_frimotor.o(.data)
    ii                                       0x200005bc   Data           4  driver_frimotor.o(.data)
    pass_flag                                0x200005c0   Data           1  driver_frimotor.o(.data)
    ShootNumber                              0x200005c4   Data           4  driver_frimotor.o(.data)
    Turntable_Angle                          0x200005c8   Data           4  driver_frimotor.o(.data)
    shootdouble                              0x200005cc   Data           1  driver_frimotor.o(.data)
    shootnum                                 0x200005cd   Data           1  driver_frimotor.o(.data)
    PID_Flag                                 0x200005e4   Data           4  driver_protocol.o(.data)
    system_microsecond                       0x200005e8   Data           4  driver_protocol.o(.data)
    get_labview                              0x200005ee   Data           2  driver_protocol.o(.data)
    Protocol_len                             0x200005f0   Data           2  driver_protocol.o(.data)
    Pro_count                                0x200005f2   Data           2  driver_protocol.o(.data)
    Yaw_Send                                 0x200005fa   Data           2  driver_minifold.o(.data)
    Pitch_Send                               0x200005fc   Data           2  driver_minifold.o(.data)
    exInt                                    0x20000600   Data           4  imu.o(.data)
    eyInt                                    0x20000604   Data           4  imu.o(.data)
    ezInt                                    0x20000608   Data           4  imu.o(.data)
    q0                                       0x2000060c   Data           4  imu.o(.data)
    q1                                       0x20000610   Data           4  imu.o(.data)
    q2                                       0x20000614   Data           4  imu.o(.data)
    q3                                       0x20000618   Data           4  imu.o(.data)
    lastUpdate                               0x20000640   Data           4  imu.o(.data)
    now                                      0x20000644   Data           4  imu.o(.data)
    yaw_temp                                 0x20000648   Data           4  imu.o(.data)
    pitch_temp                               0x2000064c   Data           4  imu.o(.data)
    roll_temp                                0x20000650   Data           4  imu.o(.data)
    last_yaw_temp                            0x20000654   Data           4  imu.o(.data)
    last_pitch_temp                          0x20000658   Data           4  imu.o(.data)
    last_roll_temp                           0x2000065c   Data           4  imu.o(.data)
    yaw_angle                                0x20000660   Data           4  imu.o(.data)
    pitch_angle                              0x20000664   Data           4  imu.o(.data)
    roll_angle                               0x20000668   Data           4  imu.o(.data)
    MPU_id                                   0x20000674   Data           1  test_imu.o(.data)
    get_date_count                           0x20000675   Data           1  test_imu.o(.data)
    MPU_count                                0x20000676   Data           1  test_imu.o(.data)
    Gyro_Yaw_out                             0x2000068c   Data           4  imu_out.o(.data)
    Gyro_Pitch_out                           0x20000690   Data           4  imu_out.o(.data)
    Gyro_Roll_out                            0x20000694   Data           4  imu_out.o(.data)
    yaw_angle_out                            0x20000698   Data           4  imu_out.o(.data)
    pitch_angle_out                          0x2000069c   Data           4  imu_out.o(.data)
    roll_angle_out                           0x200006a0   Data           4  imu_out.o(.data)
    pxCurrentTCB                             0x200006c8   Data           4  tasks.o(.data)
    SystemCoreClock                          0x20000704   Data           4  system_stm32f4xx.o(.data)
    uwTick                                   0x20000708   Data           4  stm32f4xx_hal.o(.data)
    UART1_RXBUFF                             0x20000710   Data         100  stm32f4xx_it.o(.bss)
    UART2_RXBUFF                             0x20000774   Data          80  stm32f4xx_it.o(.bss)
    UART3_RXBUFF                             0x200007c4   Data         200  stm32f4xx_it.o(.bss)
    UART6_RXBUFF                             0x2000088c   Data          30  stm32f4xx_it.o(.bss)
    GMYawEncoder                             0x200008ac   Data          68  canbustask.o(.bss)
    GMPitchEncoder                           0x200008f0   Data          68  canbustask.o(.bss)
    TurntableEncoder                         0x20000934   Data          68  canbustask.o(.bss)
    gAppParamStruct                          0x20000978   Data         129  iotask.o(.bss)
    AppParamRealUsed                         0x200009f9   Data         129  iotask.o(.bss)
    PIDCaliData                              0x20000a7a   Data         129  iotask.o(.bss)
    ChassisData                              0x20000afc   Data          20  driver_chassis.o(.bss)
    switch1                                  0x20000b10   Data          23  statusmachine.o(.bss)
    RC_CtrlData                              0x20000b27   Data          22  remote.o(.bss)
    Que_Protocol                             0x20000b3e   Data         504  driver_protocol.o(.bss)
    frame_temp                               0x20000db7   Data          50  driver_protocol.o(.bss)
    Protocol_Send                            0x20000de9   Data         300  driver_protocol.o(.bss)
    Que_MiniPC_Tx                            0x20000f18   Data         504  driver_minifold.o(.bss)
    MiniPC_Data                              0x20001110   Data          20  driver_minifold.o(.bss)
    Que_Mainifold                            0x20001124   Data         504  driver_minifold.o(.bss)
    huart1                                   0x20001404   Data          64  usart.o(.bss)
    huart2                                   0x20001444   Data          64  usart.o(.bss)
    huart6                                   0x20001484   Data          64  usart.o(.bss)
    huart3                                   0x200014c4   Data          64  usart.o(.bss)
    hcan1                                    0x20001504   Data          68  can.o(.bss)
    hcan2                                    0x20001548   Data          68  can.o(.bss)
    hdma_usart1_rx                           0x2000160c   Data          96  dma.o(.bss)
    hdma_usart6_rx                           0x2000166c   Data          96  dma.o(.bss)
    hdma_usart3_tx                           0x200016cc   Data          96  dma.o(.bss)
    hdma_usart3_rx                           0x2000172c   Data          96  dma.o(.bss)
    hdma_usart2_rx                           0x2000178c   Data          96  dma.o(.bss)
    hdma_usart2_tx                           0x200017ec   Data          96  dma.o(.bss)
    hspi5                                    0x2000184c   Data          88  spi.o(.bss)
    htim2                                    0x200018a4   Data          60  tim.o(.bss)
    htim3                                    0x200018e0   Data          60  tim.o(.bss)
    htim5                                    0x2000191c   Data          60  tim.o(.bss)
    htim6                                    0x20001958   Data          60  tim.o(.bss)
    htim12                                   0x20001994   Data          60  tim.o(.bss)
    Que_JudgeFrame                           0x200019d0   Data         504  data.o(.bss)
    Que_USART2_Tx                            0x20001bc8   Data         504  data.o(.bss)
    Que_CAN1_Tx                              0x20001dc0   Data         564  data.o(.bss)
    Que_CAN2_Tx                              0x20001ff4   Data         564  data.o(.bss)
    mygetqval                                0x20002228   Data          36  imu.o(.bss)
    angle                                    0x2000225c   Data          12  imu.o(.bss)
    MagMaxMinData                            0x20002268   Data          12  test_imu.o(.bss)
    MPU6050_Raw_Data                         0x20002274   Data          20  test_imu.o(.bss)
    MPU6050_Real_Data                        0x20002288   Data          40  test_imu.o(.bss)
    MPU6050_FIFO                             0x200022b0   Data         132  test_imu.o(.bss)
    imu_data                                 0x20002334   Data          20  test_imu.o(.bss)
    imu_data_offest                          0x20002348   Data          20  test_imu.o(.bss)
    pFlash                                   0x2000604c   Data          32  stm32f4xx_hal_flash.o(.bss)
    __initial_sp                             0x20006470   Data           0  startup_stm32f427xx.o(STACK)



==============================================================================

Memory Map of the image

  Image Entry point : 0x080001ad

  Load Region LR_IROM1 (Base: 0x08000000, Size: 0x0000c404, Max: 0x00200000, ABSOLUTE, COMPRESSED[0x0000bdc0])

    Execution Region ER_IROM1 (Base: 0x08000000, Size: 0x0000bcf4, Max: 0x00200000, ABSOLUTE)

    Base Addr    Size         Type   Attr      Idx    E Section Name        Object

    0x08000000   0x000001ac   Data   RO         3468    RESET               startup_stm32f427xx.o
    0x080001ac   0x00000000   Code   RO         6859  * .ARM.Collect$$$$00000000  mc_w.l(entry.o)
    0x080001ac   0x00000004   Code   RO         6931    .ARM.Collect$$$$00000001  mc_w.l(entry2.o)
    0x080001b0   0x00000004   Code   RO         6934    .ARM.Collect$$$$00000004  mc_w.l(entry5.o)
    0x080001b4   0x00000000   Code   RO         6936    .ARM.Collect$$$$00000008  mc_w.l(entry7b.o)
    0x080001b4   0x00000000   Code   RO         6938    .ARM.Collect$$$$0000000A  mc_w.l(entry8b.o)
    0x080001b4   0x00000008   Code   RO         6939    .ARM.Collect$$$$0000000B  mc_w.l(entry9a.o)
    0x080001bc   0x00000000   Code   RO         6941    .ARM.Collect$$$$0000000D  mc_w.l(entry10a.o)
    0x080001bc   0x00000000   Code   RO         6943    .ARM.Collect$$$$0000000F  mc_w.l(entry11a.o)
    0x080001bc   0x00000004   Code   RO         6932    .ARM.Collect$$$$00002712  mc_w.l(entry2.o)
    0x080001c0   0x000000ba   Code   RO         3103    .emb_text           port.o
    0x0800027a   0x00000002   PAD
    0x0800027c   0x00000024   Code   RO         3469    .text               startup_stm32f427xx.o
    0x080002a0   0x00000024   Code   RO         6862    .text               mc_w.l(memcpya.o)
    0x080002c4   0x0000014e   Code   RO         6868    .text               mf_w.l(dadd.o)
    0x08000412   0x000000e4   Code   RO         6870    .text               mf_w.l(dmul.o)
    0x080004f6   0x000000de   Code   RO         6872    .text               mf_w.l(ddiv.o)
    0x080005d4   0x00000022   Code   RO         6876    .text               mf_w.l(dflti.o)
    0x080005f6   0x00000026   Code   RO         6878    .text               mf_w.l(f2d.o)
    0x0800061c   0x00000030   Code   RO         6880    .text               mf_w.l(cdrcmple.o)
    0x0800064c   0x00000038   Code   RO         6882    .text               mf_w.l(d2f.o)
    0x08000684   0x0000001e   Code   RO         6945    .text               mc_w.l(llshl.o)
    0x080006a2   0x00000024   Code   RO         6947    .text               mc_w.l(llsshr.o)
    0x080006c6   0x00000000   Code   RO         6956    .text               mc_w.l(iusefp.o)
    0x080006c6   0x0000006e   Code   RO         6957    .text               mf_w.l(fepilogue.o)
    0x08000734   0x000000ba   Code   RO         6959    .text               mf_w.l(depilogue.o)
    0x080007ee   0x000000a2   Code   RO         6961    .text               mf_w.l(dsqrt.o)
    0x08000890   0x00000024   Code   RO         6965    .text               mc_w.l(init.o)
    0x080008b4   0x00000020   Code   RO         6967    .text               mc_w.l(llushr.o)
    0x080008d4   0x0000001a   Code   RO         6969    .text               mf_w.l(dfltui.o)
    0x080008ee   0x0000003e   Code   RO         6971    .text               mf_w.l(dfixi.o)
    0x0800092c   0x00000056   Code   RO         6981    .text               mc_w.l(__dczerorl2.o)
    0x08000982   0x00000002   PAD
    0x08000984   0x00000048   Code   RO          679    i.AppParamInit      iotask.o
    0x080009cc   0x0000001c   Code   RO          680    i.AppParamSave      iotask.o
    0x080009e8   0x00000028   Code   RO          863    i.Attack_Mode_Select  statusmachine.o
    0x08000a10   0x000000a0   Code   RO         1206    i.BEEP_Task         driver_beep.o
    0x08000ab0   0x000000a0   Code   RO         1999    i.BSP_FLASH_GetFlashSector  flash.o
    0x08000b50   0x000000c0   Code   RO         2002    i.BSP_FLASH_Write   flash.o
    0x08000c10   0x00000038   Code   RO         1644    i.BSP_Init          bsp_init.o
    0x08000c48   0x000000a4   Code   RO         1713    i.BSP_NVIC_Init     nvic.o
    0x08000cec   0x00000090   Code   RO         1139    i.BulletStuck_Check  driver_frimotor.o
    0x08000d7c   0x00000004   Code   RO          248    i.BusFault_Handler  stm32f4xx_it.o
    0x08000d80   0x00000010   Code   RO          249    i.CAN1_RX0_IRQHandler  stm32f4xx_it.o
    0x08000d90   0x0000002c   Code   RO          250    i.CAN1_TX_IRQHandler  stm32f4xx_it.o
    0x08000dbc   0x00000010   Code   RO          251    i.CAN2_RX0_IRQHandler  stm32f4xx_it.o
    0x08000dcc   0x0000002c   Code   RO          252    i.CAN2_TX_IRQHandler  stm32f4xx_it.o
    0x08000df8   0x000001c2   Code   RO         5714    i.CAN_Receive_IT    stm32f4xx_hal_can.o
    0x08000fba   0x00000062   Code   RO         5715    i.CAN_Transmit_IT   stm32f4xx_hal_can.o
    0x0800101c   0x00000010   Code   RO          799    i.CMControlLoop     driver_chassis.o
    0x0800102c   0x00000204   Code   RO          800    i.CM_PID_Cal        driver_chassis.o
    0x08001230   0x0000009c   Code   RO          801    i.CM_SetOutput      driver_chassis.o
    0x080012cc   0x00000408   Code   RO          802    i.CalculateWheelSpeed  driver_chassis.o
    0x080016d4   0x000000e4   Code   RO          681    i.CaliLoop          iotask.o
    0x080017b8   0x00000088   Code   RO          490    i.CanReceiveMsgProcess  canbustask.o
    0x08001840   0x00000020   Code   RO          491    i.CanReceiveMsgProcess_2  canbustask.o
    0x08001860   0x00000058   Code   RO          864    i.ChassisModeSelect  statusmachine.o
    0x080018b8   0x000000a0   Code   RO          615    i.ControlLoopTaskInit  controltask.o
    0x08001958   0x0000003c   Code   RO          616    i.Control_Task      controltask.o
    0x08001994   0x00000010   Code   RO          253    i.DMA1_Stream4_IRQHandler  stm32f4xx_it.o
    0x080019a4   0x00000010   Code   RO          254    i.DMA1_Stream5_IRQHandler  stm32f4xx_it.o
    0x080019b4   0x0000001c   Code   RO          255    i.DMA1_Stream6_IRQHandler  stm32f4xx_it.o
    0x080019d0   0x00000010   Code   RO          256    i.DMA2_Stream1_IRQHandler  stm32f4xx_it.o
    0x080019e0   0x00000010   Code   RO          257    i.DMA2_Stream2_IRQHandler  stm32f4xx_it.o
    0x080019f0   0x00000034   Code   RO         5226    i.DMA_CalcBaseAndBitshift  stm32f4xx_hal_dma.o
    0x08001a24   0x000000aa   Code   RO         5227    i.DMA_CheckFifoParam  stm32f4xx_hal_dma.o
    0x08001ace   0x0000002c   Code   RO         5228    i.DMA_SetConfig     stm32f4xx_hal_dma.o
    0x08001afa   0x00000002   PAD
    0x08001afc   0x00000044   Code   RO         1289    i.Data_Event        driver_protocol.o
    0x08001b40   0x000002b4   Code   RO         1290    i.Data_Receive_Anl  driver_protocol.o
    0x08001df4   0x00000078   Code   RO         1291    i.Dataframe_Process  driver_protocol.o
    0x08001e6c   0x00000002   Code   RO          258    i.DebugMon_Handler  stm32f4xx_it.o
    0x08001e6e   0x00000002   PAD
    0x08001e70   0x000000d0   Code   RO          492    i.EncoderProcess    canbustask.o
    0x08001f40   0x0000006c   Code   RO         5844    i.FLASH_Erase_Sector  stm32f4xx_hal_flash_ex.o
    0x08001fac   0x00000024   Code   RO         5108    i.FLASH_Program_Byte  stm32f4xx_hal_flash.o
    0x08001fd0   0x0000002c   Code   RO         5109    i.FLASH_Program_DoubleWord  stm32f4xx_hal_flash.o
    0x08001ffc   0x00000028   Code   RO         5110    i.FLASH_Program_HalfWord  stm32f4xx_hal_flash.o
    0x08002024   0x00000028   Code   RO         5111    i.FLASH_Program_Word  stm32f4xx_hal_flash.o
    0x0800204c   0x000000b4   Code   RO         5112    i.FLASH_SetErrorCode  stm32f4xx_hal_flash.o
    0x08002100   0x00000064   Code   RO         5113    i.FLASH_WaitForLastOperation  stm32f4xx_hal_flash.o
    0x08002164   0x00000070   Code   RO         1140    i.FriMotor_Control  driver_frimotor.o
    0x080021d4   0x000000bc   Code   RO          865    i.FriMotor_Select   statusmachine.o
    0x08002290   0x0000007c   Code   RO         1013    i.GMCalLoop         driver_gimbal.o
    0x0800230c   0x00000014   Code   RO         1014    i.GMControlLoop     driver_gimbal.o
    0x08002320   0x0000000c   Code   RO          866    i.GetChassis_MoveMode  statusmachine.o
    0x0800232c   0x0000000c   Code   RO          867    i.GetFrictionState  statusmachine.o
    0x08002338   0x0000000c   Code   RO          868    i.GetGM_CM_Mode     statusmachine.o
    0x08002344   0x0000000c   Code   RO          869    i.GetGimbal_MoveMode  statusmachine.o
    0x08002350   0x0000000c   Code   RO          870    i.GetInputMode      statusmachine.o
    0x0800235c   0x0000013c   Code   RO         2183    i.GetPitchYawGxGyGz  imu.o
    0x08002498   0x0000007c   Code   RO         1097    i.GetRemoteSwitchAction  remote.o
    0x08002514   0x0000000c   Code   RO          871    i.GetShootState     statusmachine.o
    0x08002520   0x0000000c   Code   RO          872    i.GetWorkState      statusmachine.o
    0x0800252c   0x0000000c   Code   RO          873    i.Get_AttackMode    statusmachine.o
    0x08002538   0x00000008   Code   RO         1912    i.Get_Time_Micros   tim.o
    0x08002540   0x0000008c   Code   RO          683    i.GimbalCaliProcess  iotask.o
    0x080025cc   0x0000011c   Code   RO         1015    i.GimbalGetRef      driver_gimbal.o
    0x080026e8   0x00000068   Code   RO          874    i.GimbalModeSelect  statusmachine.o
    0x08002750   0x00000020   Code   RO         1016    i.Gimbal_PitchAngleSet  driver_gimbal.o
    0x08002770   0x00000044   Code   RO         1017    i.Gimbal_YawAngleSet  driver_gimbal.o
    0x080027b4   0x000000c8   Code   RO          684    i.GyroCaliProcess   iotask.o
    0x0800287c   0x00000108   Code   RO         5716    i.HAL_CAN_ConfigFilter  stm32f4xx_hal_can.o
    0x08002984   0x00000002   Code   RO         5718    i.HAL_CAN_ErrorCallback  stm32f4xx_hal_can.o
    0x08002986   0x00000002   PAD
    0x08002988   0x00000264   Code   RO         5721    i.HAL_CAN_IRQHandler  stm32f4xx_hal_can.o
    0x08002bec   0x000001bc   Code   RO         5722    i.HAL_CAN_Init      stm32f4xx_hal_can.o
    0x08002da8   0x000000c8   Code   RO         1799    i.HAL_CAN_MspInit   can.o
    0x08002e70   0x000000fc   Code   RO         5726    i.HAL_CAN_Receive_IT  stm32f4xx_hal_can.o
    0x08002f6c   0x00000058   Code   RO          259    i.HAL_CAN_RxCpltCallback  stm32f4xx_it.o
    0x08002fc4   0x000001f6   Code   RO         5730    i.HAL_CAN_Transmit_IT  stm32f4xx_hal_can.o
    0x080031ba   0x00000002   Code   RO         5731    i.HAL_CAN_TxCpltCallback  stm32f4xx_hal_can.o
    0x080031bc   0x000000aa   Code   RO         5229    i.HAL_DMA_Abort     stm32f4xx_hal_dma.o
    0x08003266   0x00000002   PAD
    0x08003268   0x00000248   Code   RO         5234    i.HAL_DMA_IRQHandler  stm32f4xx_hal_dma.o
    0x080034b0   0x000000ec   Code   RO         5235    i.HAL_DMA_Init      stm32f4xx_hal_dma.o
    0x0800359c   0x0000009e   Code   RO         5239    i.HAL_DMA_Start_IT  stm32f4xx_hal_dma.o
    0x0800363a   0x0000001e   Code   RO         3869    i.HAL_Delay         stm32f4xx_hal.o
    0x08003658   0x00000014   Code   RO         5117    i.HAL_FLASH_Lock    stm32f4xx_hal_flash.o
    0x0800366c   0x00000098   Code   RO         5122    i.HAL_FLASH_Program  stm32f4xx_hal_flash.o
    0x08003704   0x0000002c   Code   RO         5124    i.HAL_FLASH_Unlock  stm32f4xx_hal_flash.o
    0x08003730   0x0000021c   Code   RO         5045    i.HAL_GPIO_Init     stm32f4xx_hal_gpio.o
    0x0800394c   0x00000010   Code   RO         5047    i.HAL_GPIO_ReadPin  stm32f4xx_hal_gpio.o
    0x0800395c   0x00000008   Code   RO         5048    i.HAL_GPIO_TogglePin  stm32f4xx_hal_gpio.o
    0x08003964   0x0000000c   Code   RO         5049    i.HAL_GPIO_WritePin  stm32f4xx_hal_gpio.o
    0x08003970   0x0000000c   Code   RO         3877    i.HAL_GetTick       stm32f4xx_hal.o
    0x0800397c   0x00000010   Code   RO         3879    i.HAL_IncTick       stm32f4xx_hal.o
    0x0800398c   0x0000003c   Code   RO         3880    i.HAL_Init          stm32f4xx_hal.o
    0x080039c8   0x00000028   Code   RO         3881    i.HAL_InitTick      stm32f4xx_hal.o
    0x080039f0   0x00000056   Code   RO          420    i.HAL_MspInit       stm32f4xx_hal_msp.o
    0x08003a46   0x0000001a   Code   RO         4266    i.HAL_NVIC_EnableIRQ  stm32f4xx_hal_cortex.o
    0x08003a60   0x0000007c   Code   RO         4272    i.HAL_NVIC_SetPriority  stm32f4xx_hal_cortex.o
    0x08003adc   0x00000028   Code   RO         4273    i.HAL_NVIC_SetPriorityGrouping  stm32f4xx_hal_cortex.o
    0x08003b04   0x000001d0   Code   RO         5374    i.HAL_RCC_ClockConfig  stm32f4xx_hal_rcc.o
    0x08003cd4   0x0000000c   Code   RO         5379    i.HAL_RCC_GetHCLKFreq  stm32f4xx_hal_rcc.o
    0x08003ce0   0x0000002c   Code   RO         5381    i.HAL_RCC_GetPCLK1Freq  stm32f4xx_hal_rcc.o
    0x08003d0c   0x0000002c   Code   RO         5382    i.HAL_RCC_GetPCLK2Freq  stm32f4xx_hal_rcc.o
    0x08003d38   0x000000b4   Code   RO         5383    i.HAL_RCC_GetSysClockFreq  stm32f4xx_hal_rcc.o
    0x08003dec   0x0000044c   Code   RO         5386    i.HAL_RCC_OscConfig  stm32f4xx_hal_rcc.o
    0x08004238   0x000000a0   Code   RO         6005    i.HAL_SPI_Init      stm32f4xx_hal_spi.o
    0x080042d8   0x0000005c   Code   RO         1874    i.HAL_SPI_MspInit   spi.o
    0x08004334   0x000002cc   Code   RO         6014    i.HAL_SPI_TransmitReceive  stm32f4xx_hal_spi.o
    0x08004600   0x00000028   Code   RO         4275    i.HAL_SYSTICK_CLKSourceConfig  stm32f4xx_hal_cortex.o
    0x08004628   0x00000034   Code   RO         4277    i.HAL_SYSTICK_Config  stm32f4xx_hal_cortex.o
    0x0800465c   0x00000002   Code   RO         5475    i.HAL_TIMEx_BreakCallback  stm32f4xx_hal_tim_ex.o
    0x0800465e   0x00000002   Code   RO         5476    i.HAL_TIMEx_CommutationCallback  stm32f4xx_hal_tim_ex.o
    0x08004660   0x00000062   Code   RO         5492    i.HAL_TIMEx_MasterConfigSynchronization  stm32f4xx_hal_tim_ex.o
    0x080046c2   0x00000034   Code   RO         4403    i.HAL_TIM_Base_Init  stm32f4xx_hal_tim.o
    0x080046f6   0x00000002   PAD
    0x080046f8   0x00000084   Code   RO         1914    i.HAL_TIM_Base_MspInit  tim.o
    0x0800477c   0x0000001e   Code   RO         4406    i.HAL_TIM_Base_Start  stm32f4xx_hal_tim.o
    0x0800479a   0x0000001e   Code   RO         4408    i.HAL_TIM_Base_Start_IT  stm32f4xx_hal_tim.o
    0x080047b8   0x00000002   Code   RO         4432    i.HAL_TIM_IC_CaptureCallback  stm32f4xx_hal_tim.o
    0x080047ba   0x00000196   Code   RO         4445    i.HAL_TIM_IRQHandler  stm32f4xx_hal_tim.o
    0x08004950   0x000000d8   Code   RO         1915    i.HAL_TIM_MspPostInit  tim.o
    0x08004a28   0x00000002   Code   RO         4448    i.HAL_TIM_OC_DelayElapsedCallback  stm32f4xx_hal_tim.o
    0x08004a2a   0x00000108   Code   RO         4469    i.HAL_TIM_PWM_ConfigChannel  stm32f4xx_hal_tim.o
    0x08004b32   0x00000034   Code   RO         4472    i.HAL_TIM_PWM_Init  stm32f4xx_hal_tim.o
    0x08004b66   0x00000002   PAD
    0x08004b68   0x000000c4   Code   RO         1917    i.HAL_TIM_PWM_MspInit  tim.o
    0x08004c2c   0x00000002   Code   RO         4475    i.HAL_TIM_PWM_PulseFinishedCallback  stm32f4xx_hal_tim.o
    0x08004c2e   0x00000002   PAD
    0x08004c30   0x0000004c   Code   RO         4476    i.HAL_TIM_PWM_Start  stm32f4xx_hal_tim.o
    0x08004c7c   0x0000007c   Code   RO          260    i.HAL_TIM_PeriodElapsedCallback  stm32f4xx_it.o
    0x08004cf8   0x00000002   Code   RO         4486    i.HAL_TIM_TriggerCallback  stm32f4xx_hal_tim.o
    0x08004cfa   0x00000050   Code   RO         3541    i.HAL_UART_AbortReceive  stm32f4xx_hal_uart.o
    0x08004d4a   0x00000002   Code   RO         3552    i.HAL_UART_ErrorCallback  stm32f4xx_hal_uart.o
    0x08004d4c   0x00000072   Code   RO         3556    i.HAL_UART_Init     stm32f4xx_hal_uart.o
    0x08004dbe   0x00000002   PAD
    0x08004dc0   0x00000320   Code   RO         1738    i.HAL_UART_MspInit  usart.o
    0x080050e0   0x000000ac   Code   RO         3560    i.HAL_UART_Receive_DMA  stm32f4xx_hal_uart.o
    0x0800518c   0x00000002   Code   RO         3562    i.HAL_UART_RxCpltCallback  stm32f4xx_hal_uart.o
    0x0800518e   0x00000002   Code   RO         3563    i.HAL_UART_RxHalfCpltCallback  stm32f4xx_hal_uart.o
    0x08005190   0x000000d6   Code   RO         3564    i.HAL_UART_Transmit  stm32f4xx_hal_uart.o
    0x08005266   0x00000002   PAD
    0x08005268   0x0000009c   Code   RO         3565    i.HAL_UART_Transmit_DMA  stm32f4xx_hal_uart.o
    0x08005304   0x00000002   Code   RO         3567    i.HAL_UART_TxCpltCallback  stm32f4xx_hal_uart.o
    0x08005306   0x00000002   Code   RO         3568    i.HAL_UART_TxHalfCpltCallback  stm32f4xx_hal_uart.o
    0x08005308   0x00000004   Code   RO          261    i.HardFault_Handler  stm32f4xx_it.o
    0x0800530c   0x000007cc   Code   RO         2184    i.IMU_AHRSupdate    imu.o
    0x08005ad8   0x000000b4   Code   RO         2257    i.IMU_Get_Data      test_imu.o
    0x08005b8c   0x00000014   Code   RO         2185    i.IMU_Task          imu.o
    0x08005ba0   0x0000004c   Code   RO         2186    i.IMU_getQ          imu.o
    0x08005bec   0x00000094   Code   RO         2187    i.IMU_getValues     imu.o
    0x08005c80   0x0000023c   Code   RO         2188    i.IMU_getYawPitchRoll  imu.o
    0x08005ebc   0x000001cc   Code   RO         2341    i.IMU_task          imu_out.o
    0x08006088   0x0000004c   Code   RO          875    i.InputMode_Select  statusmachine.o
    0x080060d4   0x00000018   Code   RO          685    i.IsCaliCmdFlagSet  iotask.o
    0x080060ec   0x000000f4   Code   RO          803    i.Key2Speed         driver_chassis.o
    0x080061e0   0x00000074   Code   RO         1141    i.LASER_Task        driver_frimotor.o
    0x08006254   0x000001f4   Code   RO         2258    i.MPU6050_AverageFilter  test_imu.o
    0x08006448   0x00000078   Code   RO         2259    i.MPU6050_getMotion6  test_imu.o
    0x080064c0   0x0000006c   Code   RO         2260    i.MPU6500_Init      test_imu.o
    0x0800652c   0x00000054   Code   RO         2261    i.MPU6500_Read_Reg  test_imu.o
    0x08006580   0x00000064   Code   RO         2262    i.MPU6500_Read_Regs  test_imu.o
    0x080065e4   0x00000058   Code   RO         2265    i.MPU6500_Write_Reg  test_imu.o
    0x0800663c   0x000000a8   Code   RO         1800    i.MX_CAN1_Init      can.o
    0x080066e4   0x000000b4   Code   RO         1801    i.MX_CAN2_Init      can.o
    0x08006798   0x00000048   Code   RO         1846    i.MX_DMA_Init       dma.o
    0x080067e0   0x00000028   Code   RO          441    i.MX_FREERTOS_Init  freertos.o
    0x08006808   0x00000214   Code   RO         1689    i.MX_GPIO_Init      gpio.o
    0x08006a1c   0x0000005c   Code   RO         1875    i.MX_SPI5_Init      spi.o
    0x08006a78   0x00000090   Code   RO         1918    i.MX_TIM12_Init     tim.o
    0x08006b08   0x00000048   Code   RO         1919    i.MX_TIM2_Init      tim.o
    0x08006b50   0x000000ac   Code   RO         1921    i.MX_TIM5_Init      tim.o
    0x08006bfc   0x00000060   Code   RO         1922    i.MX_TIM6_Init      tim.o
    0x08006c5c   0x00000070   Code   RO         1739    i.MX_USART1_UART_Init  usart.o
    0x08006ccc   0x00000068   Code   RO         1740    i.MX_USART2_UART_Init  usart.o
    0x08006d34   0x00000068   Code   RO         1742    i.MX_USART6_UART_Init  usart.o
    0x08006d9c   0x000000bc   Code   RO         1446    i.Mainifold_Res_Task  driver_minifold.o
    0x08006e58   0x00000004   Code   RO          262    i.MemManage_Handler  stm32f4xx_it.o
    0x08006e5c   0x00000002   Code   RO          263    i.NMI_Handler       stm32f4xx_it.o
    0x08006e5e   0x00000002   PAD
    0x08006e60   0x00000010   Code   RO         4279    i.NVIC_GetPriorityGrouping  stm32f4xx_hal_cortex.o
    0x08006e70   0x00000028   Code   RO         4280    i.NVIC_SetPriority  stm32f4xx_hal_cortex.o
    0x08006e98   0x0000001c   Code   RO          687    i.PIDCaliProcess    iotask.o
    0x08006eb4   0x000000f6   Code   RO          558    i.PID_Calc          pid.o
    0x08006faa   0x00000002   PAD
    0x08006fac   0x00000120   Code   RO          804    i.PID_Calibration   driver_chassis.o
    0x080070cc   0x00000160   Code   RO         1018    i.PID_Calibration   driver_gimbal.o
    0x0800722c   0x00000028   Code   RO          559    i.PID_Reset         pid.o
    0x08007254   0x00000028   Code   RO          560    i.PID_Task          pid.o
    0x0800727c   0x00000048   Code   RO         1142    i.Pass_Check        driver_frimotor.o
    0x080072c4   0x0000009c   Code   RO         1292    i.Protocol          driver_protocol.o
    0x08007360   0x00000064   Code   RO         1293    i.Protocol_SendFrame  driver_protocol.o
    0x080073c4   0x0000002a   Code   RO         1244    i.RampCalc          ramp.o
    0x080073ee   0x00000002   Code   RO         1245    i.RampInit          ramp.o
    0x080073f0   0x00000012   Code   RO         1246    i.RampIsOverflow    ramp.o
    0x08007402   0x00000006   Code   RO         1247    i.RampResetCounter  ramp.o
    0x08007408   0x00000004   Code   RO         1248    i.RampSetCounter    ramp.o
    0x0800740c   0x00000004   Code   RO         1249    i.RampSetScale      ramp.o
    0x08007410   0x00000050   Code   RO         1019    i.Ref_Gimbal_Prepare  driver_gimbal.o
    0x08007460   0x00000024   Code   RO         1020    i.Ref_UpdataFromMouse  driver_gimbal.o
    0x08007484   0x0000010c   Code   RO         1021    i.Ref_UpdataFromRCStick  driver_gimbal.o
    0x08007590   0x000000e0   Code   RO         1098    i.RemoteDataPrcess  remote.o
    0x08007670   0x00000058   Code   RO         1099    i.RemoteTaskInit    remote.o
    0x080076c8   0x00000018   Code   RO         1100    i.Remote_CheckJumpKey  remote.o
    0x080076e0   0x00000010   Code   RO          688    i.ResetCaliCmdFlag  iotask.o
    0x080076f0   0x00000028   Code   RO         6031    i.SPI_CheckFlag_BSY  stm32f4xx_hal_spi.o
    0x08007718   0x000000aa   Code   RO         6051    i.SPI_WaitFlagStateUntilTimeout  stm32f4xx_hal_spi.o
    0x080077c2   0x00000002   PAD
    0x080077c4   0x000000d4   Code   RO         1294    i.Send_CM_PID       driver_protocol.o
    0x08007898   0x00000048   Code   RO         1295    i.Send_Check        driver_protocol.o
    0x080078e0   0x000000d8   Code   RO         1296    i.Send_FrameRate    driver_protocol.o
    0x080079b8   0x000000d4   Code   RO         1297    i.Send_GMP_PID      driver_protocol.o
    0x08007a8c   0x000000d4   Code   RO         1298    i.Send_GMY_PID      driver_protocol.o
    0x08007b60   0x00000002   Code   RO         1300    i.Send_Judge        driver_protocol.o
    0x08007b62   0x00000002   PAD
    0x08007b64   0x000000dc   Code   RO         1302    i.Send_Moto_Rmp     driver_protocol.o
    0x08007c40   0x00000098   Code   RO         1303    i.Send_RC_Data      driver_protocol.o
    0x08007cd8   0x000000e8   Code   RO         1304    i.Send_R_F_PID      driver_protocol.o
    0x08007dc0   0x00000274   Code   RO         1305    i.Send_Ref_Fdb      driver_protocol.o
    0x08008034   0x00000098   Code   RO         1306    i.Send_Sensor       driver_protocol.o
    0x080080cc   0x000000b0   Code   RO         1307    i.Send_Shoot_PID    driver_protocol.o
    0x0800817c   0x000000d4   Code   RO         1308    i.Send_Status       driver_protocol.o
    0x08008250   0x0000007a   Code   RO         1309    i.Send_StatusMachine  driver_protocol.o
    0x080082ca   0x00000002   PAD
    0x080082cc   0x00000030   Code   RO          689    i.Sensor_Offset_Param_Init  iotask.o
    0x080082fc   0x00000010   Code   RO          690    i.SetCaliCmdFlag    iotask.o
    0x0800830c   0x00000024   Code   RO          876    i.SetFrictionState  statusmachine.o
    0x08008330   0x0000001c   Code   RO          691    i.SetGimbalCaliData  iotask.o
    0x0800834c   0x00000088   Code   RO         1022    i.SetGimbalMotorOutput  driver_gimbal.o
    0x080083d4   0x00000020   Code   RO          692    i.SetGyroCaliData   iotask.o
    0x080083f4   0x00000084   Code   RO          693    i.SetPIDCaliData    iotask.o
    0x08008478   0x0000000c   Code   RO          877    i.SetShootState     statusmachine.o
    0x08008484   0x0000000c   Code   RO          878    i.SetWorkState      statusmachine.o
    0x08008490   0x00000074   Code   RO          493    i.Set_CM_Speed      canbustask.o
    0x08008504   0x0000009c   Code   RO          494    i.Set_Gimbal_Current  canbustask.o
    0x080085a0   0x00000028   Code   RO         1143    i.ShootCounter      driver_frimotor.o
    0x080085c8   0x00000064   Code   RO         1144    i.Shoot_Single      driver_frimotor.o
    0x0800862c   0x00000034   Code   RO         1207    i.Sing              driver_beep.o
    0x08008660   0x00000030   Code   RO         1208    i.Sing_Music        driver_beep.o
    0x08008690   0x0000000a   Code   RO          442    i.StartDefaultTask  freertos.o
    0x0800869a   0x00000002   PAD
    0x0800869c   0x00000040   Code   RO          879    i.StatusMachine_Init  statusmachine.o
    0x080086dc   0x00000034   Code   RO          880    i.StatusMachine_Update  statusmachine.o
    0x08008710   0x0000000c   Code   RO          264    i.SysTick_Handler   stm32f4xx_it.o
    0x0800871c   0x000000e4   Code   RO         1645    i.SystemClock_Config  bsp_init.o
    0x08008800   0x00000064   Code   RO         3477    i.SystemInit        system_stm32f4xx.o
    0x08008864   0x00000010   Code   RO          265    i.TIM6_DAC_IRQHandler  stm32f4xx_it.o
    0x08008874   0x000000e4   Code   RO         4487    i.TIM_Base_SetConfig  stm32f4xx_hal_tim.o
    0x08008958   0x0000001c   Code   RO         4488    i.TIM_CCxChannelCmd  stm32f4xx_hal_tim.o
    0x08008974   0x00000070   Code   RO         4496    i.TIM_OC1_SetConfig  stm32f4xx_hal_tim.o
    0x080089e4   0x00000078   Code   RO         4497    i.TIM_OC2_SetConfig  stm32f4xx_hal_tim.o
    0x08008a5c   0x00000078   Code   RO         4498    i.TIM_OC3_SetConfig  stm32f4xx_hal_tim.o
    0x08008ad4   0x00000060   Code   RO         4499    i.TIM_OC4_SetConfig  stm32f4xx_hal_tim.o
    0x08008b34   0x000001b4   Code   RO          591    i.Task_Monitor      supervisetask.o
    0x08008ce8   0x00000240   Code   RO         1145    i.Turntable_Control  driver_frimotor.o
    0x08008f28   0x00000138   Code   RO          881    i.Turntable_Select  statusmachine.o
    0x08009060   0x00000050   Code   RO         3570    i.UART_DMAError     stm32f4xx_hal_uart.o
    0x080090b0   0x00000046   Code   RO         3571    i.UART_DMAReceiveCplt  stm32f4xx_hal_uart.o
    0x080090f6   0x0000000e   Code   RO         3573    i.UART_DMARxHalfCplt  stm32f4xx_hal_uart.o
    0x08009104   0x00000036   Code   RO         3575    i.UART_DMATransmitCplt  stm32f4xx_hal_uart.o
    0x0800913a   0x0000000e   Code   RO         3577    i.UART_DMATxHalfCplt  stm32f4xx_hal_uart.o
    0x08009148   0x00000020   Code   RO         3579    i.UART_EndRxTransfer  stm32f4xx_hal_uart.o
    0x08009168   0x00000014   Code   RO         3581    i.UART_EndTxTransfer  stm32f4xx_hal_uart.o
    0x0800917c   0x00000368   Code   RO         3583    i.UART_SetConfig    stm32f4xx_hal_uart.o
    0x080094e4   0x0000006c   Code   RO         3585    i.UART_WaitOnFlagUntilTimeout  stm32f4xx_hal_uart.o
    0x08009550   0x0000009c   Code   RO          266    i.USART1_IRQHandler  stm32f4xx_it.o
    0x080095ec   0x000000a4   Code   RO          267    i.USART2_IRQHandler  stm32f4xx_it.o
    0x08009690   0x000000a4   Code   RO          268    i.USART3_IRQHandler  stm32f4xx_it.o
    0x08009734   0x0000009c   Code   RO          269    i.USART6_IRQHandler  stm32f4xx_it.o
    0x080097d0   0x00000160   Code   RO          805    i.UnderpanMoveControl  driver_chassis.o
    0x08009930   0x00000004   Code   RO          270    i.UsageFault_Handler  stm32f4xx_it.o
    0x08009934   0x00000028   Code   RO          882    i.WorkStateSwitchProcess  statusmachine.o
    0x0800995c   0x00000080   Code   RO          883    i.WorkstateFSM      statusmachine.o
    0x080099dc   0x00000004   Code   RO         1646    i._Error_Handler    bsp_init.o
    0x080099e0   0x00000030   Code   RO         6915    i.__ARM_fpclassify  m_wm.l(fpclassify.o)
    0x08009a10   0x00000360   Code   RO         6791    i.__hardfp_asin     m_wm.l(asin.o)
    0x08009d70   0x000002d8   Code   RO         6884    i.__hardfp_atan     m_wm.l(atan.o)
    0x0800a048   0x000001f0   Code   RO         6805    i.__hardfp_atan2    m_wm.l(atan2.o)
    0x0800a238   0x000000c8   Code   RO         6817    i.__hardfp_cos      m_wm.l(cos.o)
    0x0800a300   0x00000014   Code   RO         6829    i.__hardfp_fabs     m_wm.l(fabs.o)
    0x0800a314   0x00000004   PAD
    0x0800a318   0x000000c8   Code   RO         6835    i.__hardfp_sin      m_wm.l(sin.o)
    0x0800a3e0   0x0000007a   Code   RO         6847    i.__hardfp_sqrt     m_wm.l(sqrt.o)
    0x0800a45a   0x00000006   PAD
    0x0800a460   0x00000438   Code   RO         6920    i.__ieee754_rem_pio2  m_wm.l(rred.o)
    0x0800a898   0x00000170   Code   RO         6898    i.__kernel_cos      m_wm.l(cos_i.o)
    0x0800aa08   0x000000f8   Code   RO         6917    i.__kernel_poly     m_wm.l(poly.o)
    0x0800ab00   0x00000130   Code   RO         6925    i.__kernel_sin      m_wm.l(sin_i.o)
    0x0800ac30   0x00000014   Code   RO         6902    i.__mathlib_dbl_infnan  m_wm.l(dunder.o)
    0x0800ac44   0x00000014   Code   RO         6903    i.__mathlib_dbl_infnan2  m_wm.l(dunder.o)
    0x0800ac58   0x00000020   Code   RO         6904    i.__mathlib_dbl_invalid  m_wm.l(dunder.o)
    0x0800ac78   0x00000020   Code   RO         6907    i.__mathlib_dbl_underflow  m_wm.l(dunder.o)
    0x0800ac98   0x0000000e   Code   RO         6975    i.__scatterload_copy  mc_w.l(handlers.o)
    0x0800aca6   0x00000002   Code   RO         6976    i.__scatterload_null  mc_w.l(handlers.o)
    0x0800aca8   0x0000000e   Code   RO         6977    i.__scatterload_zeroinit  mc_w.l(handlers.o)
    0x0800acb6   0x00000002   PAD
    0x0800acb8   0x0000000c   Code   RO         6951    i.__set_errno       mc_w.l(errno.o)
    0x0800acc4   0x00000010   Code   RO         6886    i.atan              m_wm.l(atan.o)
    0x0800acd4   0x00000032   Code   RO         2047    i.bufferPop         data.o
    0x0800ad06   0x00000034   Code   RO         2048    i.bufferPush        data.o
    0x0800ad3a   0x00000028   Code   RO         2049    i.buffer_multiPop   data.o
    0x0800ad62   0x00000018   Code   RO         2050    i.bufferlen         data.o
    0x0800ad7a   0x00000018   Code   RO         6831    i.fabs              m_wm.l(fabs.o)
    0x0800ad92   0x0000002a   Code   RO          496    i.get_measure       canbustask.o
    0x0800adbc   0x0000003c   Code   RO         2190    i.invSqrt           imu.o
    0x0800adf8   0x00000084   Code   RO            4    i.main              main.o
    0x0800ae7c   0x0000000e   Code   RO         2363    i.makeFreeRtosPriority  cmsis_os.o
    0x0800ae8a   0x00000018   Code   RO         2365    i.osDelay           cmsis_os.o
    0x0800aea2   0x00000010   Code   RO         2401    i.osSystickHandler  cmsis_os.o
    0x0800aeb2   0x00000030   Code   RO         2402    i.osThreadCreate    cmsis_os.o
    0x0800aee2   0x00000002   PAD
    0x0800aee4   0x00000098   Code   RO         3181    i.prvAddCurrentTaskToDelayedList  tasks.o
    0x0800af7c   0x000000b4   Code   RO         3182    i.prvAddNewTaskToReadyList  tasks.o
    0x0800b030   0x0000007c   Code   RO         2765    i.prvHeapInit       heap_4.o
    0x0800b0ac   0x000000aa   Code   RO         3186    i.prvInitialiseNewTask  tasks.o
    0x0800b156   0x00000002   PAD
    0x0800b158   0x00000068   Code   RO         3187    i.prvInitialiseTaskLists  tasks.o
    0x0800b1c0   0x00000068   Code   RO         2766    i.prvInsertBlockIntoFreeList  heap_4.o
    0x0800b228   0x00000034   Code   RO         3188    i.prvResetNextTaskUnblockTime  tasks.o
    0x0800b25c   0x00000040   Code   RO         3104    i.prvTaskExitError  port.o
    0x0800b29c   0x0000013c   Code   RO         2767    i.pvPortMalloc      heap_4.o
    0x0800b3d8   0x0000002c   Code   RO         3105    i.pxPortInitialiseStack  port.o
    0x0800b404   0x0000006e   Code   RO         6849    i.sqrt              m_wm.l(sqrt.o)
    0x0800b472   0x00000028   Code   RO         2990    i.uxListRemove      list.o
    0x0800b49a   0x0000001a   Code   RO         2991    i.vListInitialise   list.o
    0x0800b4b4   0x00000006   Code   RO         2992    i.vListInitialiseItem  list.o
    0x0800b4ba   0x00000034   Code   RO         2993    i.vListInsert       list.o
    0x0800b4ee   0x00000018   Code   RO         2994    i.vListInsertEnd    list.o
    0x0800b506   0x00000002   PAD
    0x0800b508   0x00000054   Code   RO         3107    i.vPortEnterCritical  port.o
    0x0800b55c   0x0000003c   Code   RO         3108    i.vPortExitCritical  port.o
    0x0800b598   0x00000094   Code   RO         2768    i.vPortFree         heap_4.o
    0x0800b62c   0x0000005c   Code   RO         3196    i.vTaskDelay        tasks.o
    0x0800b688   0x00000010   Code   RO         3209    i.vTaskSuspendAll   tasks.o
    0x0800b698   0x0000008c   Code   RO         3210    i.vTaskSwitchContext  tasks.o
    0x0800b724   0x00000034   Code   RO         3112    i.xPortSysTickHandler  port.o
    0x0800b758   0x00000060   Code   RO         3212    i.xTaskCreate       tasks.o
    0x0800b7b8   0x00000020   Code   RO         3216    i.xTaskGetSchedulerState  tasks.o
    0x0800b7d8   0x00000148   Code   RO         3219    i.xTaskIncrementTick  tasks.o
    0x0800b920   0x00000104   Code   RO         3225    i.xTaskResumeAll    tasks.o
    0x0800ba24   0x00000014   Data   RO          443    .constdata          freertos.o
    0x0800ba38   0x0000004a   Data   RO         1209    .constdata          driver_beep.o
    0x0800ba82   0x00000002   PAD
    0x0800ba84   0x00000014   Data   RO         2267    .constdata          test_imu.o
    0x0800ba98   0x00000018   Data   RO         3478    .constdata          system_stm32f4xx.o
    0x0800bab0   0x00000008   Data   RO         5241    .constdata          stm32f4xx_hal_dma.o
    0x0800bab8   0x00000050   Data   RO         6794    .constdata          m_wm.l(asin.o)
    0x0800bb08   0x00000098   Data   RO         6887    .constdata          m_wm.l(atan.o)
    0x0800bba0   0x00000030   Data   RO         6899    .constdata          m_wm.l(cos_i.o)
    0x0800bbd0   0x00000008   Data   RO         6919    .constdata          m_wm.l(qnan.o)
    0x0800bbd8   0x000000c8   Data   RO         6922    .constdata          m_wm.l(rred.o)
    0x0800bca0   0x00000028   Data   RO         6926    .constdata          m_wm.l(sin_i.o)
    0x0800bcc8   0x0000000c   Data   RO          444    .conststring        freertos.o
    0x0800bcd4   0x00000020   Data   RO         6973    Region$$Table       anon$$obj.o


    Execution Region RW_IRAM1 (Base: 0x20000000, Size: 0x00006470, Max: 0x00030000, ABSOLUTE, COMPRESSED[0x000000cc])

    Base Addr    Size         Type   Attr      Idx    E Section Name        Object

    0x20000000   0x00000014   Data   RW            6    .data               main.o
    0x20000014   0x00000018   Data   RW          272    .data               stm32f4xx_it.o
    0x2000002c   0x00000004   Data   RW          445    .data               freertos.o
    0x20000030   0x0000002a   Data   RW          498    .data               canbustask.o
    0x2000005a   0x00000002   PAD
    0x2000005c   0x00000044   Data   RW          592    .data               supervisetask.o
    0x200000a0   0x00000004   Data   RW          617    .data               controltask.o
    0x200000a4   0x00000038   Data   RW          695    .data               iotask.o
    0x200000dc   0x00000214   Data   RW          807    .data               driver_chassis.o
    0x200002f0   0x00000018   Data   RW          885    .data               statusmachine.o
    0x20000308   0x000001e5   Data   RW         1024    .data               driver_gimbal.o
    0x200004ed   0x00000003   PAD
    0x200004f0   0x00000008   Data   RW         1102    .data               remote.o
    0x200004f8   0x000000df   Data   RW         1146    .data               driver_frimotor.o
    0x200005d7   0x00000001   PAD
    0x200005d8   0x00000009   Data   RW         1210    .data               driver_beep.o
    0x200005e1   0x00000003   PAD
    0x200005e4   0x00000014   Data   RW         1311    .data               driver_protocol.o
    0x200005f8   0x00000006   Data   RW         1449    .data               driver_minifold.o
    0x200005fe   0x00000002   PAD
    0x20000600   0x00000074   Data   RW         2192    .data               imu.o
    0x20000674   0x00000017   Data   RW         2268    .data               test_imu.o
    0x2000068b   0x00000001   PAD
    0x2000068c   0x00000018   Data   RW         2342    .data               imu_out.o
    0x200006a4   0x00000018   Data   RW         2773    .data               heap_4.o
    0x200006bc   0x0000000c   Data   RW         3113    .data               port.o
    0x200006c8   0x0000003c   Data   RW         3228    .data               tasks.o
    0x20000704   0x00000004   Data   RW         3479    .data               system_stm32f4xx.o
    0x20000708   0x00000004   Data   RW         3886    .data               stm32f4xx_hal.o
    0x2000070c   0x00000004   Data   RW         6952    .data               mc_w.l(errno.o)
    0x20000710   0x0000019a   Zero   RW          271    .bss                stm32f4xx_it.o
    0x200008aa   0x00000002   PAD
    0x200008ac   0x000000cc   Zero   RW          497    .bss                canbustask.o
    0x20000978   0x00000183   Zero   RW          694    .bss                iotask.o
    0x20000afb   0x00000001   PAD
    0x20000afc   0x00000014   Zero   RW          806    .bss                driver_chassis.o
    0x20000b10   0x00000017   Zero   RW          884    .bss                statusmachine.o
    0x20000b27   0x00000016   Zero   RW         1101    .bss                remote.o
    0x20000b3d   0x00000001   PAD
    0x20000b3e   0x000003d7   Zero   RW         1310    .bss                driver_protocol.o
    0x20000f15   0x00000003   PAD
    0x20000f18   0x000004ea   Zero   RW         1448    .bss                driver_minifold.o
    0x20001402   0x00000002   PAD
    0x20001404   0x00000100   Zero   RW         1743    .bss                usart.o
    0x20001504   0x00000108   Zero   RW         1802    .bss                can.o
    0x2000160c   0x00000240   Zero   RW         1847    .bss                dma.o
    0x2000184c   0x00000058   Zero   RW         1876    .bss                spi.o
    0x200018a4   0x0000012c   Zero   RW         1923    .bss                tim.o
    0x200019d0   0x00000858   Zero   RW         2051    .bss                data.o
    0x20002228   0x00000040   Zero   RW         2191    .bss                imu.o
    0x20002268   0x000000f4   Zero   RW         2266    .bss                test_imu.o
    0x2000235c   0x00003c00   Zero   RW         2772    .bss                heap_4.o
    0x20005f5c   0x000000f0   Zero   RW         3227    .bss                tasks.o
    0x2000604c   0x00000020   Zero   RW         5125    .bss                stm32f4xx_hal_flash.o
    0x2000606c   0x00000004   PAD
    0x20006070   0x00000400   Zero   RW         3466    STACK               startup_stm32f427xx.o


==============================================================================

Image component sizes


      Code (inc. data)   RO Data    RW Data    ZI Data      Debug   Object Name

       288         30          0          0          0       2193   bsp_init.o
       548         86          0          0        264       2638   can.o
       690         66          0         42        204       8798   canbustask.o
       102          0          0          0          0      12582   cmsis_os.o
       220         44          0          4          0       6433   controltask.o
       166          0          0          0       2136       3934   data.o
        72          6          0          0        576       1330   dma.o
       260         58         74          9          0       2711   driver_beep.o
      2604        170          0        532         20       6060   driver_chassis.o
      1160        168          0        223          0       5501   driver_frimotor.o
      1400        166          0        485          0       8034   driver_gimbal.o
       188         20          0          6       1258       3482   driver_minifold.o
      3956        306          0         20        983      16293   driver_protocol.o
       352         52          0          0          0       2149   flash.o
        50         10         32          4          0       5202   freertos.o
       532         26          0          0          0       1375   gpio.o
       692         62          0         24      15360       7451   heap_4.o
      3188        260          0        116         64       6422   imu.o
       460         50          0         24          0       1392   imu_out.o
       992        156          0         56        387      10552   iotask.o
       148          0          0          0          0       3662   list.o
       132         26          0         20          0     764895   main.o
       164          0          0          0          0        564   nvic.o
       326          6          0          0          0       5086   pid.o
       490         44          0         12          0       9579   port.o
         0          0          0          0          0       8100   queue.o
        76          0          0          0          0       3482   ramp.o
       460         40          0          8         22       5203   remote.o
       184         38          0          0         88       1769   spi.o
        36          8        428          0       1024        812   startup_stm32f427xx.o
      1248        232          0         24         23      12627   statusmachine.o
       158         20          0          4          0       4547   stm32f4xx_hal.o
      2626         22          0          0          0       7867   stm32f4xx_hal_can.o
       338         22          0          0          0      31641   stm32f4xx_hal_cortex.o
      1414         20          8          0          0       6515   stm32f4xx_hal_dma.o
       656         60          0          0         32       6142   stm32f4xx_hal_flash.o
       108          4          0          0          0        749   stm32f4xx_hal_flash_ex.o
       576         54          0          0          0       3696   stm32f4xx_hal_gpio.o
        86          0          0          0          0        526   stm32f4xx_hal_msp.o
      1844         80          0          0          0       5588   stm32f4xx_hal_rcc.o
      1086          0          0          0          0       4565   stm32f4xx_hal_spi.o
      1622         88          0          0          0      12523   stm32f4xx_hal_tim.o
       102          0          0          0          0       2402   stm32f4xx_hal_tim_ex.o
      2010         36          0          0          0      13556   stm32f4xx_hal_uart.o
      1112        202          0         24        410      14538   stm32f4xx_it.o
       436         96          0         68          0       2526   supervisetask.o
       100         18         24          4          0       1203   system_stm32f4xx.o
      1622        228          0         60        240      13908   tasks.o
      1180         94         20         23        244       7567   test_imu.o
      1036        166          0          0        300       5639   tim.o
         0          0          0          0          0       1472   timers.o
      1120        170          0          0        256       3695   usart.o

    ----------------------------------------------------------------------
     40454       3510        620       1804      23904    1081176   Object Totals
         0          0         32          0          0          0   (incl. Generated)
        38          0          2         12         13          0   (incl. Padding)

    ----------------------------------------------------------------------

      Code (inc. data)   RO Data    RW Data    ZI Data      Debug   Library Member Name

       864         94         80          0          0        280   asin.o
       744        106        152          0          0        352   atan.o
       496         64          0          0          0        192   atan2.o
       200         20          0          0          0        164   cos.o
       368         46         48          0          0        200   cos_i.o
       104         16          0          0          0        496   dunder.o
        44          0          0          0          0        248   fabs.o
        48          0          0          0          0        124   fpclassify.o
       248          0          0          0          0        152   poly.o
         0          0          8          0          0          0   qnan.o
      1080        142        200          0          0        188   rred.o
       200         20          0          0          0        164   sin.o
       304         24         40          0          0        208   sin_i.o
       232          0          0          0          0        296   sqrt.o
        86          0          0          0          0          0   __dczerorl2.o
         0          0          0          0          0          0   entry.o
         0          0          0          0          0          0   entry10a.o
         0          0          0          0          0          0   entry11a.o
         8          4          0          0          0          0   entry2.o
         4          0          0          0          0          0   entry5.o
         0          0          0          0          0          0   entry7b.o
         0          0          0          0          0          0   entry8b.o
         8          4          0          0          0          0   entry9a.o
        12          6          0          4          0         68   errno.o
        30          0          0          0          0          0   handlers.o
        36          8          0          0          0         68   init.o
         0          0          0          0          0          0   iusefp.o
        30          0          0          0          0         68   llshl.o
        36          0          0          0          0         68   llsshr.o
        32          0          0          0          0         68   llushr.o
        36          0          0          0          0         68   memcpya.o
        48          0          0          0          0         68   cdrcmple.o
        56          0          0          0          0         88   d2f.o
       334          0          0          0          0        148   dadd.o
       222          0          0          0          0        100   ddiv.o
       186          0          0          0          0        176   depilogue.o
        62          0          0          0          0         80   dfixi.o
        34          0          0          0          0         76   dflti.o
        26          0          0          0          0         76   dfltui.o
       228          0          0          0          0         96   dmul.o
       162          0          0          0          0        100   dsqrt.o
        38          0          0          0          0         68   f2d.o
       110          0          0          0          0        168   fepilogue.o

    ----------------------------------------------------------------------
      6770        554        528          4          0       4716   Library Totals
        14          0          0          0          0          0   (incl. Padding)

    ----------------------------------------------------------------------

      Code (inc. data)   RO Data    RW Data    ZI Data      Debug   Library Name

      4932        532        528          0          0       3064   m_wm.l
       318         22          0          4          0        408   mc_w.l
      1506          0          0          0          0       1244   mf_w.l

    ----------------------------------------------------------------------
      6770        554        528          4          0       4716   Library Totals

    ----------------------------------------------------------------------

==============================================================================


      Code (inc. data)   RO Data    RW Data    ZI Data      Debug   

     47224       4064       1148       1808      23904    1054996   Grand Totals
     47224       4064       1148        204      23904    1054996   ELF Image Totals (compressed)
     47224       4064       1148        204          0          0   ROM Totals

==============================================================================

    Total RO  Size (Code + RO Data)                48372 (  47.24kB)
    Total RW  Size (RW Data + ZI Data)             25712 (  25.11kB)
    Total ROM Size (Code + RO Data + RW Data)      48576 (  47.44kB)

==============================================================================

